Archive member included to satisfy reference by file (symbol)

lib/orangescrt.a(printf.o)    kernel/main.o (printf)
lib/orangescrt.a(vsprintf.o)  kernel/main.o (vsprintf)
lib/orangescrt.a(string.o)    kernel/start.o (memcpy)
lib/orangescrt.a(misc.o)      kernel/main.o (send_recv)
lib/orangescrt.a(open.o)      kernel/main.o (open)
lib/orangescrt.a(read.o)      kernel/main.o (read)
lib/orangescrt.a(write.o)     kernel/main.o (write)
lib/orangescrt.a(close.o)     kernel/main.o (close)
lib/orangescrt.a(lseek.o)     kernel/main.o (lseek)
lib/orangescrt.a(getpid.o)    fs/disklog.o (getpid)
lib/orangescrt.a(stat.o)      mm/exec.o (stat)
lib/orangescrt.a(fork.o)      kernel/main.o (fork)
lib/orangescrt.a(wait.o)      kernel/main.o (wait)
lib/orangescrt.a(exec.o)      kernel/main.o (execv)
lib/orangescrt.a(syscall.o)   lib/orangescrt.a(misc.o) (sendrec)

Allocating common symbols
Common symbol       size              file

idt_ptr             0x6               kernel/global.o
inode_table         0xb00             kernel/global.o
task_stack          0x24000           kernel/global.o
k_reenter           0x4               kernel/global.o
gdt                 0x400             kernel/global.o
current_console     0x4               kernel/global.o
pcaller             0x4               kernel/global.o
tty_table           0xc6c             kernel/global.o
tss                 0x68              kernel/global.o
fs_msg              0x30              kernel/global.o
memory_size         0x4               kernel/global.o
f_desc_table        0x400             kernel/global.o
root_inode          0x4               kernel/global.o
disp_pos            0x4               kernel/global.o
mm_msg              0x30              kernel/global.o
key_pressed         0x4               kernel/global.o
gdt_ptr             0x6               kernel/global.o
idt                 0x800             kernel/global.o
super_block         0x1e0             kernel/global.o
PARTITION_ENTRY     0x10              kernel/hd.o
ticks               0x4               kernel/global.o
console_table       0x3c              kernel/global.o
irq_table           0x40              kernel/global.o
p_proc_ready        0x4               kernel/global.o
proc_table          0x3aae            kernel/global.o

Discarded input sections

 .note.GNU-stack
                0x0000000000000000        0x0 kernel/start.o
 .note.GNU-stack
                0x0000000000000000        0x0 kernel/main.o
 .note.GNU-stack
                0x0000000000000000        0x0 kernel/clock.o
 .note.GNU-stack
                0x0000000000000000        0x0 kernel/keyboard.o
 .note.GNU-stack
                0x0000000000000000        0x0 kernel/tty.o
 .note.GNU-stack
                0x0000000000000000        0x0 kernel/console.o
 .note.GNU-stack
                0x0000000000000000        0x0 kernel/i8259.o
 .note.GNU-stack
                0x0000000000000000        0x0 kernel/global.o
 .note.GNU-stack
                0x0000000000000000        0x0 kernel/protect.o
 .note.GNU-stack
                0x0000000000000000        0x0 kernel/proc.o
 .note.GNU-stack
                0x0000000000000000        0x0 kernel/systask.o
 .note.GNU-stack
                0x0000000000000000        0x0 kernel/hd.o
 .note.GNU-stack
                0x0000000000000000        0x0 kernel/klib.o
 .note.GNU-stack
                0x0000000000000000        0x0 lib/syslog.o
 .note.GNU-stack
                0x0000000000000000        0x0 mm/main.o
 .note.GNU-stack
                0x0000000000000000        0x0 mm/forkexit.o
 .note.GNU-stack
                0x0000000000000000        0x0 mm/exec.o
 .note.GNU-stack
                0x0000000000000000        0x0 fs/main.o
 .note.GNU-stack
                0x0000000000000000        0x0 fs/open.o
 .note.GNU-stack
                0x0000000000000000        0x0 fs/misc.o
 .note.GNU-stack
                0x0000000000000000        0x0 fs/read_write.o
 .note.GNU-stack
                0x0000000000000000        0x0 fs/link.o
 .note.GNU-stack
                0x0000000000000000        0x0 fs/disklog.o
 .note.GNU-stack
                0x0000000000000000        0x0 lib/orangescrt.a(printf.o)
 .note.GNU-stack
                0x0000000000000000        0x0 lib/orangescrt.a(vsprintf.o)
 .note.GNU-stack
                0x0000000000000000        0x0 lib/orangescrt.a(misc.o)
 .note.GNU-stack
                0x0000000000000000        0x0 lib/orangescrt.a(open.o)
 .note.GNU-stack
                0x0000000000000000        0x0 lib/orangescrt.a(read.o)
 .note.GNU-stack
                0x0000000000000000        0x0 lib/orangescrt.a(write.o)
 .note.GNU-stack
                0x0000000000000000        0x0 lib/orangescrt.a(close.o)
 .note.GNU-stack
                0x0000000000000000        0x0 lib/orangescrt.a(lseek.o)
 .note.GNU-stack
                0x0000000000000000        0x0 lib/orangescrt.a(getpid.o)
 .note.GNU-stack
                0x0000000000000000        0x0 lib/orangescrt.a(stat.o)
 .note.GNU-stack
                0x0000000000000000        0x0 lib/orangescrt.a(fork.o)
 .note.GNU-stack
                0x0000000000000000        0x0 lib/orangescrt.a(wait.o)
 .note.GNU-stack
                0x0000000000000000        0x0 lib/orangescrt.a(exec.o)

Memory Configuration

Name             Origin             Length             Attributes
*default*        0x0000000000000000 0xffffffffffffffff

Linker script and memory map

Address of section .text set to 0x1000
LOAD kernel/kernel.o
LOAD kernel/start.o
LOAD kernel/main.o
LOAD kernel/clock.o
LOAD kernel/keyboard.o
LOAD kernel/tty.o
LOAD kernel/console.o
LOAD kernel/i8259.o
LOAD kernel/global.o
LOAD kernel/protect.o
LOAD kernel/proc.o
LOAD kernel/systask.o
LOAD kernel/hd.o
LOAD kernel/kliba.o
LOAD kernel/klib.o
LOAD lib/syslog.o
LOAD mm/main.o
LOAD mm/forkexit.o
LOAD mm/exec.o
LOAD fs/main.o
LOAD fs/open.o
LOAD fs/misc.o
LOAD fs/read_write.o
LOAD fs/link.o
LOAD fs/disklog.o
LOAD lib/orangescrt.a
                [!provide]                        PROVIDE (__executable_start, 0x8048000)
                0x0000000008048094                . = (0x8048000 + SIZEOF_HEADERS)

.interp
 *(.interp)

.note.gnu.build-id
 *(.note.gnu.build-id)

.hash
 *(.hash)

.gnu.hash
 *(.gnu.hash)

.dynsym
 *(.dynsym)

.dynstr
 *(.dynstr)

.gnu.version
 *(.gnu.version)

.gnu.version_d
 *(.gnu.version_d)

.gnu.version_r
 *(.gnu.version_r)

.rel.dyn        0x0000000008048094        0x0
 *(.rel.init)
 *(.rel.text .rel.text.* .rel.gnu.linkonce.t.*)
 .rel.text      0x0000000008048094        0x0 kernel/kernel.o
 *(.rel.fini)
 *(.rel.rodata .rel.rodata.* .rel.gnu.linkonce.r.*)
 *(.rel.data.rel.ro .rel.data.rel.ro.* .rel.gnu.linkonce.d.rel.ro.*)
 *(.rel.data .rel.data.* .rel.gnu.linkonce.d.*)
 .rel.data      0x0000000008048094        0x0 kernel/kernel.o
 *(.rel.tdata .rel.tdata.* .rel.gnu.linkonce.td.*)
 *(.rel.tbss .rel.tbss.* .rel.gnu.linkonce.tb.*)
 *(.rel.ctors)
 *(.rel.dtors)
 *(.rel.got)
 *(.rel.bss .rel.bss.* .rel.gnu.linkonce.b.*)
 *(.rel.ifunc)

.rel.plt        0x0000000008048094        0x0
 *(.rel.plt)
                [!provide]                        PROVIDE (__rel_iplt_start, .)
 *(.rel.iplt)
 .rel.iplt      0x0000000008048094        0x0 kernel/kernel.o
                [!provide]                        PROVIDE (__rel_iplt_end, .)

.init
 *(SORT(.init))

.plt            0x00000000080480a0        0x0
 *(.plt)
 *(.iplt)
 .iplt          0x00000000080480a0        0x0 kernel/kernel.o

.plt.got
 *(.plt.got)

.text           0x0000000000001000     0xbd58
 *(.text.unlikely .text.*_unlikely .text.unlikely.*)
 *(.text.exit .text.exit.*)
 *(.text.startup .text.startup.*)
 *(.text.hot .text.hot.*)
 *(.text .stub .text.* .gnu.linkonce.t.*)
 .text          0x0000000000001000      0x410 kernel/kernel.o
                0x0000000000001000                _start
                0x0000000000001040                hwint00
                0x0000000000001070                hwint01
                0x00000000000010a0                hwint02
                0x00000000000010d0                hwint03
                0x0000000000001100                hwint04
                0x0000000000001130                hwint05
                0x0000000000001160                hwint06
                0x0000000000001190                hwint07
                0x00000000000011c0                hwint08
                0x00000000000011f0                hwint09
                0x0000000000001220                hwint10
                0x0000000000001250                hwint11
                0x0000000000001280                hwint12
                0x00000000000012b0                hwint13
                0x00000000000012e0                hwint14
                0x0000000000001310                hwint15
                0x0000000000001334                divide_error
                0x000000000000133a                single_step_exception
                0x0000000000001340                nmi
                0x0000000000001346                breakpoint_exception
                0x000000000000134c                overflow
                0x0000000000001352                bounds_check
                0x0000000000001358                inval_opcode
                0x000000000000135e                copr_not_available
                0x0000000000001364                double_fault
                0x0000000000001368                copr_seg_overrun
                0x000000000000136e                inval_tss
                0x0000000000001372                segment_not_present
                0x0000000000001376                stack_exception
                0x000000000000137a                general_protection
                0x000000000000137e                page_fault
                0x0000000000001382                copr_error
                0x00000000000013cb                sys_call
                0x00000000000013eb                restart
 .text          0x0000000000001410       0x75 kernel/start.o
                0x0000000000001410                cstart
 .text          0x0000000000001485      0xa4b kernel/main.o
                0x0000000000001485                kernel_main
                0x0000000000001792                get_ticks
                0x00000000000017c6                untar
                0x0000000000001a90                shabby_shell
                0x0000000000001c98                Init
                0x0000000000001dc3                TestA
                0x0000000000001dc8                TestB
                0x0000000000001dcd                TestC
                0x0000000000001dd2                panic
                0x0000000000001e1b                welcome
                0x0000000000001ea4                clear
 .text          0x0000000000001ed0      0x10d kernel/clock.o
                0x0000000000001ed0                clock_handler
                0x0000000000001f4b                milli_delay
                0x0000000000001f85                init_clock
 .text          0x0000000000001fdd      0x6da kernel/keyboard.o
                0x0000000000001fdd                keyboard_handler
                0x0000000000002047                init_keyboard
                0x00000000000020f6                keyboard_read
 .text          0x00000000000026b7      0x9c0 kernel/tty.o
                0x00000000000026b7                task_tty
                0x0000000000002867                in_process
                0x0000000000002d78                sys_printx
                0x0000000000002f16                dump_tty_buf
 .text          0x0000000000003077      0x7d7 kernel/console.o
                0x0000000000003077                init_screen
                0x00000000000031eb                out_char
                0x00000000000034c8                is_current_console
                0x00000000000035bb                select_console
                0x00000000000035fb                scroll_screen
 .text          0x000000000000384e      0x130 kernel/i8259.o
                0x000000000000384e                init_8259A
                0x0000000000003923                spurious_irq
                0x000000000000395a                put_irq_handler
 .text          0x000000000000397e        0x0 kernel/global.o
 .text          0x000000000000397e      0x660 kernel/protect.o
                0x000000000000397e                init_prot
                0x0000000000003de7                seg2linear
                0x0000000000003e36                init_desc
                0x0000000000003ea3                exception_handler
 .text          0x0000000000003fde     0x15c8 kernel/proc.o
                0x0000000000003fde                schedule
                0x000000000000406a                sys_sendrec
                0x0000000000004189                ldt_seg_linear
                0x00000000000041d3                va2la
                0x0000000000004234                reset_msg
                0x0000000000004ff4                inform_int
                0x0000000000005161                dump_proc
                0x0000000000005499                dump_msg
 .text          0x00000000000055a6      0x2bc kernel/systask.o
                0x00000000000055a6                task_sys
 .text          0x0000000000005862      0xd1e kernel/hd.o
                0x0000000000005862                task_hd
                0x0000000000006555                hd_handler
 .text          0x0000000000006580      0x19a kernel/kliba.o
                0x0000000000006580                disp_str
                0x00000000000065be                disp_color_str
                0x00000000000065fd                out_byte
                0x0000000000006609                in_byte
                0x0000000000006613                port_read
                0x0000000000006626                port_write
                0x0000000000006639                disable_irq
                0x000000000000666e                enable_irq
                0x000000000000668d                disable_int
                0x000000000000668f                enable_int
                0x0000000000006691                glitter
 .text          0x000000000000671a      0x2af kernel/klib.o
                0x000000000000671a                get_boot_params
                0x00000000000067a0                get_kernel_map
                0x00000000000068b0                itoa
                0x000000000000695b                disp_int
                0x0000000000006982                delay
 .text          0x00000000000069c9       0x6f lib/syslog.o
                0x00000000000069c9                syslog
 .text          0x0000000000006a38      0x1bc mm/main.o
                0x0000000000006a38                task_mm
                0x0000000000006b6f                alloc_mem
                0x0000000000006bea                free_mem
 .text          0x0000000000006bf4      0x5e6 mm/forkexit.o
                0x0000000000006bf4                do_fork
                0x0000000000006f51                do_exit
                0x0000000000007122                do_wait
 .text          0x00000000000071da      0x359 mm/exec.o
                0x00000000000071da                do_exec
 .text          0x0000000000007533     0x1118 fs/main.o
                0x0000000000007533                task_fs
                0x000000000000802e                rw_sector
                0x0000000000008253                get_super_block
                0x0000000000008299                get_inode
                0x00000000000083fc                put_inode
                0x000000000000843a                sync_inode
 .text          0x000000000000864b      0xb8c fs/open.o
                0x000000000000864b                do_open
                0x0000000000008b73                do_close
                0x0000000000008bee                do_lseek
 .text          0x00000000000091d7      0x3b2 fs/misc.o
                0x00000000000091d7                do_stat
                0x00000000000093a8                search_file
                0x00000000000094fe                strip_path
 .text          0x0000000000009589      0x49a fs/read_write.o
                0x0000000000009589                do_rdwt
 .text          0x0000000000009a23      0x808 fs/link.o
                0x0000000000009a23                do_unlink
 .text          0x000000000000a22b     0x1fbf fs/disklog.o
                0x000000000000a22b                disklog
                0x000000000000a798                dump_fd_graph
 .text          0x000000000000c1ea       0xad lib/orangescrt.a(printf.o)
                0x000000000000c1ea                printf
                0x000000000000c255                printl
 .text          0x000000000000c297      0x305 lib/orangescrt.a(vsprintf.o)
                0x000000000000c2f5                vsprintf
                0x000000000000c576                sprintf
 *fill*         0x000000000000c59c        0x4 
 .text          0x000000000000c5a0       0x78 lib/orangescrt.a(string.o)
                0x000000000000c5a0                memcpy
                0x000000000000c5c9                memset
                0x000000000000c5ea                strcpy
                0x000000000000c602                strlen
 .text          0x000000000000c618      0x256 lib/orangescrt.a(misc.o)
                0x000000000000c618                send_recv
                0x000000000000c6d2                memcmp
                0x000000000000c748                strcmp
                0x000000000000c7bb                strcat
                0x000000000000c81a                spin
                0x000000000000c835                assertion_failure
 .text          0x000000000000c86e       0x63 lib/orangescrt.a(open.o)
                0x000000000000c86e                open
 .text          0x000000000000c8d1       0x37 lib/orangescrt.a(read.o)
                0x000000000000c8d1                read
 .text          0x000000000000c908       0x37 lib/orangescrt.a(write.o)
                0x000000000000c908                write
 .text          0x000000000000c93f       0x2b lib/orangescrt.a(close.o)
                0x000000000000c93f                close
 .text          0x000000000000c96a       0x37 lib/orangescrt.a(lseek.o)
                0x000000000000c96a                lseek
 .text          0x000000000000c9a1       0x46 lib/orangescrt.a(getpid.o)
                0x000000000000c9a1                getpid
 .text          0x000000000000c9e7       0x63 lib/orangescrt.a(stat.o)
                0x000000000000c9e7                stat
 .text          0x000000000000ca4a       0x66 lib/orangescrt.a(fork.o)
                0x000000000000ca4a                fork
 .text          0x000000000000cab0       0x3c lib/orangescrt.a(wait.o)
                0x000000000000cab0                wait
 .text          0x000000000000caec      0x237 lib/orangescrt.a(exec.o)
                0x000000000000caec                exec
                0x000000000000cb57                execl
                0x000000000000cb7c                execv
 *fill*         0x000000000000cd23        0xd 
 .text          0x000000000000cd30       0x28 lib/orangescrt.a(syscall.o)
                0x000000000000cd30                sendrec
                0x000000000000cd4a                printx
 *(.gnu.warning)

.fini
 *(SORT(.fini))
                [!provide]                        PROVIDE (__etext, .)
                [!provide]                        PROVIDE (_etext, .)
                [!provide]                        PROVIDE (etext, .)

.rodata         0x000000000000cd60     0x268b
 *(.rodata .rodata.* .gnu.linkonce.r.*)
 .rodata        0x000000000000cd60      0x2ca kernel/main.o
 *fill*         0x000000000000d02a        0x2 
 .rodata        0x000000000000d02c       0x64 kernel/keyboard.o
 .rodata        0x000000000000d090      0x13c kernel/tty.o
 .rodata        0x000000000000d1cc       0x5b kernel/console.o
 .rodata        0x000000000000d227       0x11 kernel/i8259.o
 .rodata        0x000000000000d238       0x10 kernel/global.o
                0x000000000000d238                FSBUF_SIZE
                0x000000000000d23c                MMBUF_SIZE
                0x000000000000d240                LOGBUF_SIZE
                0x000000000000d244                LOGDISKBUF_SIZE
 *fill*         0x000000000000d248       0x18 
 .rodata        0x000000000000d260      0x580 kernel/protect.o
 .rodata        0x000000000000d7e0      0x5da kernel/proc.o
 .rodata        0x000000000000ddba       0x11 kernel/systask.o
 *fill*         0x000000000000ddcb        0x1 
 .rodata        0x000000000000ddcc      0x15c kernel/hd.o
 .rodata        0x000000000000df28       0x6a kernel/klib.o
 .rodata        0x000000000000df92       0x1e lib/syslog.o
 .rodata        0x000000000000dfb0       0xb1 mm/main.o
 *fill*         0x000000000000e061        0x3 
 .rodata        0x000000000000e064       0xe7 mm/forkexit.o
 *fill*         0x000000000000e14b        0x1 
 .rodata        0x000000000000e14c       0xa4 mm/exec.o
 .rodata        0x000000000000e1f0      0x2ce fs/main.o
 *fill*         0x000000000000e4be        0x2 
 .rodata        0x000000000000e4c0      0x1c8 fs/open.o
 .rodata        0x000000000000e688       0x60 fs/misc.o
 .rodata        0x000000000000e6e8      0x164 fs/read_write.o
 .rodata        0x000000000000e84c      0x1ad fs/link.o
 *fill*         0x000000000000e9f9        0x3 
 .rodata        0x000000000000e9fc      0x806 fs/disklog.o
 .rodata        0x000000000000f202       0x14 lib/orangescrt.a(printf.o)
 *fill*         0x000000000000f216        0x2 
 .rodata        0x000000000000f218       0xad lib/orangescrt.a(misc.o)
 .rodata        0x000000000000f2c5       0x23 lib/orangescrt.a(open.o)
 .rodata        0x000000000000f2e8       0x25 lib/orangescrt.a(getpid.o)
 .rodata        0x000000000000f30d       0x23 lib/orangescrt.a(stat.o)
 .rodata        0x000000000000f330       0x33 lib/orangescrt.a(fork.o)
 *fill*         0x000000000000f363        0x1 
 .rodata        0x000000000000f364       0x87 lib/orangescrt.a(exec.o)

.rodata1
 *(.rodata1)

.eh_frame_hdr
 *(.eh_frame_hdr)
 *(.eh_frame_entry .eh_frame_entry.*)

.eh_frame       0x000000000000f3ec     0x12b0
 *(.eh_frame)
 .eh_frame      0x000000000000f3ec       0x38 kernel/start.o
 .eh_frame      0x000000000000f424      0x148 kernel/main.o
                                        0x160 (size before relaxing)
 .eh_frame      0x000000000000f56c       0x60 kernel/clock.o
                                         0x78 (size before relaxing)
 .eh_frame      0x000000000000f5cc       0xe0 kernel/keyboard.o
                                         0xf8 (size before relaxing)
 .eh_frame      0x000000000000f6ac      0x13c kernel/tty.o
                                        0x154 (size before relaxing)
 .eh_frame      0x000000000000f7e8      0x144 kernel/console.o
                                        0x15c (size before relaxing)
 .eh_frame      0x000000000000f92c       0x60 kernel/i8259.o
                                         0x78 (size before relaxing)
 .eh_frame      0x000000000000f98c       0xb0 kernel/protect.o
                                         0xc8 (size before relaxing)
 .eh_frame      0x000000000000fa3c      0x1b8 kernel/proc.o
                                        0x1d0 (size before relaxing)
 .eh_frame      0x000000000000fbf4       0x5c kernel/systask.o
                                         0x74 (size before relaxing)
 .eh_frame      0x000000000000fc50      0x1c8 kernel/hd.o
                                        0x1e0 (size before relaxing)
 .eh_frame      0x000000000000fe18       0xa0 kernel/klib.o
                                         0xb8 (size before relaxing)
 .eh_frame      0x000000000000feb8       0x20 lib/syslog.o
                                         0x38 (size before relaxing)
 .eh_frame      0x000000000000fed8       0x7c mm/main.o
                                         0x94 (size before relaxing)
 .eh_frame      0x000000000000ff54       0x90 mm/forkexit.o
                                         0xa8 (size before relaxing)
 .eh_frame      0x000000000000ffe4       0x2c mm/exec.o
                                         0x44 (size before relaxing)
 .eh_frame      0x0000000000010010      0x170 fs/main.o
                                        0x188 (size before relaxing)
 .eh_frame      0x0000000000010180      0x120 fs/open.o
                                        0x138 (size before relaxing)
 .eh_frame      0x00000000000102a0       0x68 fs/misc.o
                                         0x80 (size before relaxing)
 .eh_frame      0x0000000000010308       0x2c fs/read_write.o
                                         0x44 (size before relaxing)
 .eh_frame      0x0000000000010334       0x2c fs/link.o
                                         0x44 (size before relaxing)
 .eh_frame      0x0000000000010360       0x60 fs/disklog.o
                                         0x78 (size before relaxing)
 .eh_frame      0x00000000000103c0       0x40 lib/orangescrt.a(printf.o)
                                         0x58 (size before relaxing)
 .eh_frame      0x0000000000010400       0x60 lib/orangescrt.a(vsprintf.o)
                                         0x78 (size before relaxing)
 .eh_frame      0x0000000000010460       0xbc lib/orangescrt.a(misc.o)
                                         0xd4 (size before relaxing)
 .eh_frame      0x000000000001051c       0x20 lib/orangescrt.a(open.o)
                                         0x38 (size before relaxing)
 .eh_frame      0x000000000001053c       0x20 lib/orangescrt.a(read.o)
                                         0x38 (size before relaxing)
 .eh_frame      0x000000000001055c       0x20 lib/orangescrt.a(write.o)
                                         0x38 (size before relaxing)
 .eh_frame      0x000000000001057c       0x20 lib/orangescrt.a(close.o)
                                         0x38 (size before relaxing)
 .eh_frame      0x000000000001059c       0x20 lib/orangescrt.a(lseek.o)
                                         0x38 (size before relaxing)
 .eh_frame      0x00000000000105bc       0x20 lib/orangescrt.a(getpid.o)
                                         0x38 (size before relaxing)
 .eh_frame      0x00000000000105dc       0x20 lib/orangescrt.a(stat.o)
                                         0x38 (size before relaxing)
 .eh_frame      0x00000000000105fc       0x20 lib/orangescrt.a(fork.o)
                                         0x38 (size before relaxing)
 .eh_frame      0x000000000001061c       0x20 lib/orangescrt.a(wait.o)
                                         0x38 (size before relaxing)
 .eh_frame      0x000000000001063c       0x60 lib/orangescrt.a(exec.o)
                                         0x78 (size before relaxing)
 *(.eh_frame.*)

.gcc_except_table
 *(.gcc_except_table .gcc_except_table.*)

.gnu_extab
 *(.gnu_extab*)

.exception_ranges
 *(.exception_ranges .exception_ranges*)
                0x000000000001169c                . = DATA_SEGMENT_ALIGN (0x1000, 0x1000)

.eh_frame
 *(.eh_frame)
 *(.eh_frame.*)

.gnu_extab
 *(.gnu_extab)

.gcc_except_table
 *(.gcc_except_table .gcc_except_table.*)

.exception_ranges
 *(.exception_ranges .exception_ranges*)

.tdata
 *(.tdata .tdata.* .gnu.linkonce.td.*)

.tbss
 *(.tbss .tbss.* .gnu.linkonce.tb.*)
 *(.tcommon)

.preinit_array  0x000000000001169c        0x0
                [!provide]                        PROVIDE (__preinit_array_start, .)
 *(.preinit_array)
                [!provide]                        PROVIDE (__preinit_array_end, .)

.init_array     0x000000000001169c        0x0
                [!provide]                        PROVIDE (__init_array_start, .)
 *(SORT(.init_array.*) SORT(.ctors.*))
 *(.init_array EXCLUDE_FILE(*crtend?.o *crtend.o *crtbegin?.o *crtbegin.o) .ctors)
                [!provide]                        PROVIDE (__init_array_end, .)

.fini_array     0x000000000001169c        0x0
                [!provide]                        PROVIDE (__fini_array_start, .)
 *(SORT(.fini_array.*) SORT(.dtors.*))
 *(.fini_array EXCLUDE_FILE(*crtend?.o *crtend.o *crtbegin?.o *crtbegin.o) .dtors)
                [!provide]                        PROVIDE (__fini_array_end, .)

.ctors
 *crtbegin.o(.ctors)
 *crtbegin?.o(.ctors)
 *(EXCLUDE_FILE(*crtend?.o *crtend.o) .ctors)
 *(SORT(.ctors.*))
 *(.ctors)

.dtors
 *crtbegin.o(.dtors)
 *crtbegin?.o(.dtors)
 *(EXCLUDE_FILE(*crtend?.o *crtend.o) .dtors)
 *(SORT(.dtors.*))
 *(.dtors)

.jcr
 *(.jcr)

.data.rel.ro
 *(.data.rel.ro.local* .gnu.linkonce.d.rel.ro.local.*)
 *(.data.rel.ro .data.rel.ro.* .gnu.linkonce.d.rel.ro.*)

.dynamic
 *(.dynamic)

.got
 *(.got)
 *(.igot)
                0x000000000001169c                . = DATA_SEGMENT_RELRO_END (., (SIZEOF (.got.plt) >= 0xc)?0xc:0x0)

.got.plt        0x000000000001169c        0x0
 *(.got.plt)
 *(.igot.plt)
 .igot.plt      0x000000000001169c        0x0 kernel/kernel.o

.data           0x00000000000116a0      0x814
 *(.data .data.* .gnu.linkonce.d.*)
 .data          0x00000000000116a0        0x2 kernel/kernel.o
 .data          0x00000000000116a2        0x0 kernel/start.o
 .data          0x00000000000116a2        0x0 kernel/main.o
 .data          0x00000000000116a2        0x0 kernel/clock.o
 *fill*         0x00000000000116a2       0x1e 
 .data          0x00000000000116c0      0x600 kernel/keyboard.o
                0x00000000000116c0                keymap
 .data          0x0000000000011cc0       0x22 kernel/tty.o
 .data          0x0000000000011ce2        0x0 kernel/console.o
 .data          0x0000000000011ce2        0x0 kernel/i8259.o
 *fill*         0x0000000000011ce2       0x1e 
 .data          0x0000000000011d00      0x1b4 kernel/global.o
                0x0000000000011d00                task_table
                0x0000000000011de0                user_proc_table
                0x0000000000011e80                sys_call_table
                0x0000000000011e8c                dd_map
                0x0000000000011ea4                fsbuf
                0x0000000000011ea8                mmbuf
                0x0000000000011eac                logbuf
                0x0000000000011eb0                logdiskbuf
 .data          0x0000000000011eb4        0x0 kernel/protect.o
 .data          0x0000000000011eb4        0x0 kernel/proc.o
 .data          0x0000000000011eb4        0x0 kernel/systask.o
 .data          0x0000000000011eb4        0x0 kernel/hd.o
 .data          0x0000000000011eb4        0x0 kernel/klib.o
 .data          0x0000000000011eb4        0x0 lib/syslog.o
 .data          0x0000000000011eb4        0x0 mm/main.o
 .data          0x0000000000011eb4        0x0 mm/forkexit.o
 .data          0x0000000000011eb4        0x0 mm/exec.o
 .data          0x0000000000011eb4        0x0 fs/main.o
 .data          0x0000000000011eb4        0x0 fs/open.o
 .data          0x0000000000011eb4        0x0 fs/misc.o
 .data          0x0000000000011eb4        0x0 fs/read_write.o
 .data          0x0000000000011eb4        0x0 fs/link.o
 .data          0x0000000000011eb4        0x0 fs/disklog.o
 .data          0x0000000000011eb4        0x0 lib/orangescrt.a(printf.o)
 .data          0x0000000000011eb4        0x0 lib/orangescrt.a(vsprintf.o)
 .data          0x0000000000011eb4        0x0 lib/orangescrt.a(misc.o)
 .data          0x0000000000011eb4        0x0 lib/orangescrt.a(open.o)
 .data          0x0000000000011eb4        0x0 lib/orangescrt.a(read.o)
 .data          0x0000000000011eb4        0x0 lib/orangescrt.a(write.o)
 .data          0x0000000000011eb4        0x0 lib/orangescrt.a(close.o)
 .data          0x0000000000011eb4        0x0 lib/orangescrt.a(lseek.o)
 .data          0x0000000000011eb4        0x0 lib/orangescrt.a(getpid.o)
 .data          0x0000000000011eb4        0x0 lib/orangescrt.a(stat.o)
 .data          0x0000000000011eb4        0x0 lib/orangescrt.a(fork.o)
 .data          0x0000000000011eb4        0x0 lib/orangescrt.a(wait.o)
 .data          0x0000000000011eb4        0x0 lib/orangescrt.a(exec.o)

.data1
 *(.data1)
                0x0000000000011eb4                _edata = .
                [!provide]                        PROVIDE (edata, .)
                0x0000000000011eb4                . = .
                0x0000000000011eb4                __bss_start = .

.bss            0x0000000000011ec0    0x2bf40
 *(.dynbss)
 *(.bss .bss.* .gnu.linkonce.b.*)
 .bss           0x0000000000011ec0     0x1000 kernel/kernel.o
 .bss           0x0000000000012ec0        0x0 kernel/start.o
 .bss           0x0000000000012ec0        0x0 kernel/main.o
 .bss           0x0000000000012ec0        0x0 kernel/clock.o
 .bss           0x0000000000012ec0       0x58 kernel/keyboard.o
 .bss           0x0000000000012f18        0x0 kernel/tty.o
 .bss           0x0000000000012f18        0x0 kernel/console.o
 .bss           0x0000000000012f18        0x0 kernel/i8259.o
 .bss           0x0000000000012f18        0x0 kernel/global.o
 .bss           0x0000000000012f18        0x0 kernel/protect.o
 .bss           0x0000000000012f18        0x0 kernel/proc.o
 .bss           0x0000000000012f18        0x0 kernel/systask.o
 *fill*         0x0000000000012f18        0x8 
 .bss           0x0000000000012f20      0x64c kernel/hd.o
 .bss           0x000000000001356c        0x0 kernel/klib.o
 .bss           0x000000000001356c        0x0 lib/syslog.o
 .bss           0x000000000001356c        0x0 mm/main.o
 .bss           0x000000000001356c        0x0 mm/forkexit.o
 .bss           0x000000000001356c        0x0 mm/exec.o
 .bss           0x000000000001356c        0x0 fs/main.o
 .bss           0x000000000001356c        0x0 fs/open.o
 .bss           0x000000000001356c        0x0 fs/misc.o
 .bss           0x000000000001356c        0x0 fs/read_write.o
 .bss           0x000000000001356c        0x0 fs/link.o
 *fill*         0x000000000001356c       0x14 
 .bss           0x0000000000013580      0x208 fs/disklog.o
 .bss           0x0000000000013788        0x0 lib/orangescrt.a(printf.o)
 .bss           0x0000000000013788        0x0 lib/orangescrt.a(vsprintf.o)
 .bss           0x0000000000013788        0x0 lib/orangescrt.a(misc.o)
 .bss           0x0000000000013788        0x0 lib/orangescrt.a(open.o)
 .bss           0x0000000000013788        0x0 lib/orangescrt.a(read.o)
 .bss           0x0000000000013788        0x0 lib/orangescrt.a(write.o)
 .bss           0x0000000000013788        0x0 lib/orangescrt.a(close.o)
 .bss           0x0000000000013788        0x0 lib/orangescrt.a(lseek.o)
 .bss           0x0000000000013788        0x0 lib/orangescrt.a(getpid.o)
 .bss           0x0000000000013788        0x0 lib/orangescrt.a(stat.o)
 .bss           0x0000000000013788        0x0 lib/orangescrt.a(fork.o)
 .bss           0x0000000000013788        0x0 lib/orangescrt.a(wait.o)
 .bss           0x0000000000013788        0x0 lib/orangescrt.a(exec.o)
 *(COMMON)
 *fill*         0x0000000000013788       0x18 
 COMMON         0x00000000000137a0    0x2a64e kernel/global.o
                0x00000000000137a0                idt_ptr
                0x00000000000137c0                inode_table
                0x00000000000142c0                task_stack
                0x00000000000382c0                k_reenter
                0x00000000000382e0                gdt
                0x00000000000386e0                current_console
                0x00000000000386e4                pcaller
                0x0000000000038700                tty_table
                0x0000000000039380                tss
                0x0000000000039400                fs_msg
                0x0000000000039430                memory_size
                0x0000000000039440                f_desc_table
                0x0000000000039840                root_inode
                0x0000000000039844                disp_pos
                0x0000000000039860                mm_msg
                0x0000000000039890                key_pressed
                0x0000000000039894                gdt_ptr
                0x00000000000398a0                idt
                0x000000000003a0a0                super_block
                0x000000000003a280                ticks
                0x000000000003a2a0                console_table
                0x000000000003a2e0                irq_table
                0x000000000003a320                p_proc_ready
                0x000000000003a340                proc_table
 *fill*         0x000000000003ddee        0x2 
 COMMON         0x000000000003ddf0       0x10 kernel/hd.o
                0x000000000003ddf0                PARTITION_ENTRY
                0x000000000003de00                . = ALIGN ((. != 0x0)?0x4:0x1)
                0x000000000003de00                . = ALIGN (0x4)
                0x000000000003de00                . = SEGMENT_START ("ldata-segment", .)
                0x000000000003de00                . = ALIGN (0x4)
                0x000000000003de00                _end = .
                [!provide]                        PROVIDE (end, .)
                0x000000000003de00                . = DATA_SEGMENT_END (.)

.stab
 *(.stab)

.stabstr
 *(.stabstr)

.stab.excl
 *(.stab.excl)

.stab.exclstr
 *(.stab.exclstr)

.stab.index
 *(.stab.index)

.stab.indexstr
 *(.stab.indexstr)

.comment        0x0000000000000000       0x34
 *(.comment)
 .comment       0x0000000000000000       0x34 kernel/start.o
                                         0x35 (size before relaxing)
 .comment       0x0000000000000034       0x35 kernel/main.o
 .comment       0x0000000000000034       0x35 kernel/clock.o
 .comment       0x0000000000000034       0x35 kernel/keyboard.o
 .comment       0x0000000000000034       0x35 kernel/tty.o
 .comment       0x0000000000000034       0x35 kernel/console.o
 .comment       0x0000000000000034       0x35 kernel/i8259.o
 .comment       0x0000000000000034       0x35 kernel/global.o
 .comment       0x0000000000000034       0x35 kernel/protect.o
 .comment       0x0000000000000034       0x35 kernel/proc.o
 .comment       0x0000000000000034       0x35 kernel/systask.o
 .comment       0x0000000000000034       0x35 kernel/hd.o
 .comment       0x0000000000000034       0x35 kernel/klib.o
 .comment       0x0000000000000034       0x35 lib/syslog.o
 .comment       0x0000000000000034       0x35 mm/main.o
 .comment       0x0000000000000034       0x35 mm/forkexit.o
 .comment       0x0000000000000034       0x35 mm/exec.o
 .comment       0x0000000000000034       0x35 fs/main.o
 .comment       0x0000000000000034       0x35 fs/open.o
 .comment       0x0000000000000034       0x35 fs/misc.o
 .comment       0x0000000000000034       0x35 fs/read_write.o
 .comment       0x0000000000000034       0x35 fs/link.o
 .comment       0x0000000000000034       0x35 fs/disklog.o
 .comment       0x0000000000000034       0x35 lib/orangescrt.a(printf.o)
 .comment       0x0000000000000034       0x35 lib/orangescrt.a(vsprintf.o)
 .comment       0x0000000000000034       0x35 lib/orangescrt.a(misc.o)
 .comment       0x0000000000000034       0x35 lib/orangescrt.a(open.o)
 .comment       0x0000000000000034       0x35 lib/orangescrt.a(read.o)
 .comment       0x0000000000000034       0x35 lib/orangescrt.a(write.o)
 .comment       0x0000000000000034       0x35 lib/orangescrt.a(close.o)
 .comment       0x0000000000000034       0x35 lib/orangescrt.a(lseek.o)
 .comment       0x0000000000000034       0x35 lib/orangescrt.a(getpid.o)
 .comment       0x0000000000000034       0x35 lib/orangescrt.a(stat.o)
 .comment       0x0000000000000034       0x35 lib/orangescrt.a(fork.o)
 .comment       0x0000000000000034       0x35 lib/orangescrt.a(wait.o)
 .comment       0x0000000000000034       0x35 lib/orangescrt.a(exec.o)

.debug
 *(.debug)

.line
 *(.line)

.debug_srcinfo
 *(.debug_srcinfo)

.debug_sfnames
 *(.debug_sfnames)

.debug_aranges
 *(.debug_aranges)

.debug_pubnames
 *(.debug_pubnames)

.debug_info
 *(.debug_info .gnu.linkonce.wi.*)

.debug_abbrev
 *(.debug_abbrev)

.debug_line
 *(.debug_line .debug_line.* .debug_line_end)

.debug_frame
 *(.debug_frame)

.debug_str
 *(.debug_str)

.debug_loc
 *(.debug_loc)

.debug_macinfo
 *(.debug_macinfo)

.debug_weaknames
 *(.debug_weaknames)

.debug_funcnames
 *(.debug_funcnames)

.debug_typenames
 *(.debug_typenames)

.debug_varnames
 *(.debug_varnames)

.debug_pubtypes
 *(.debug_pubtypes)

.debug_ranges
 *(.debug_ranges)

.debug_macro
 *(.debug_macro)

.gnu.attributes
 *(.gnu.attributes)

/DISCARD/
 *(.note.GNU-stack)
 *(.gnu_debuglink)
 *(.gnu.lto_*)
OUTPUT(kernel.bin elf32-i386)
