Archive member included to satisfy reference by file (symbol)

lib/orangescrt.a(printf.o)    kernel/main.o (printf)
lib/orangescrt.a(vsprintf.o)  kernel/main.o (vsprintf)
lib/orangescrt.a(string.o)    kernel/start.o (memcpy)
lib/orangescrt.a(misc.o)      kernel/main.o (send_recv)
lib/orangescrt.a(open.o)      kernel/main.o (open)
lib/orangescrt.a(read.o)      kernel/main.o (read)
lib/orangescrt.a(write.o)     kernel/main.o (write)
lib/orangescrt.a(close.o)     kernel/main.o (close)
lib/orangescrt.a(lseek.o)     kernel/main.o (lseek)
lib/orangescrt.a(getpid.o)    kernel/main.o (getpid)
lib/orangescrt.a(stat.o)      mm/exec.o (stat)
lib/orangescrt.a(fork.o)      kernel/main.o (fork)
lib/orangescrt.a(wait.o)      kernel/main.o (wait)
lib/orangescrt.a(exec.o)      kernel/main.o (execv)
lib/orangescrt.a(syscall.o)   lib/orangescrt.a(misc.o) (sendrec)

Allocating common symbols
Common symbol       size              file

idt_ptr             0x6               kernel/global.o
inode_table         0xb00             kernel/global.o
task_stack          0x24000           kernel/global.o
k_reenter           0x4               kernel/global.o
gdt                 0x400             kernel/global.o
current_console     0x4               kernel/global.o
pcaller             0x4               kernel/global.o
tty_table           0xc6c             kernel/global.o
tss                 0x68              kernel/global.o
fs_msg              0x30              kernel/global.o
memory_size         0x4               kernel/global.o
f_desc_table        0x400             kernel/global.o
root_inode          0x4               kernel/global.o
disp_pos            0x4               kernel/global.o
mm_msg              0x30              kernel/global.o
key_pressed         0x4               kernel/global.o
gdt_ptr             0x6               kernel/global.o
idt                 0x800             kernel/global.o
super_block         0x1e0             kernel/global.o
PARTITION_ENTRY     0x10              kernel/hd.o
ticks               0x4               kernel/global.o
console_table       0x3c              kernel/global.o
irq_table           0x40              kernel/global.o
p_proc_ready        0x4               kernel/global.o
proc_table          0x3aae            kernel/global.o

Discarded input sections

 .note.GNU-stack
                0x0000000000000000        0x0 kernel/start.o
 .note.GNU-stack
                0x0000000000000000        0x0 kernel/main.o
 .note.GNU-stack
                0x0000000000000000        0x0 kernel/clock.o
 .note.GNU-stack
                0x0000000000000000        0x0 kernel/keyboard.o
 .note.GNU-stack
                0x0000000000000000        0x0 kernel/tty.o
 .note.GNU-stack
                0x0000000000000000        0x0 kernel/console.o
 .note.GNU-stack
                0x0000000000000000        0x0 kernel/i8259.o
 .note.GNU-stack
                0x0000000000000000        0x0 kernel/global.o
 .note.GNU-stack
                0x0000000000000000        0x0 kernel/protect.o
 .note.GNU-stack
                0x0000000000000000        0x0 kernel/proc.o
 .note.GNU-stack
                0x0000000000000000        0x0 kernel/systask.o
 .note.GNU-stack
                0x0000000000000000        0x0 kernel/hd.o
 .note.GNU-stack
                0x0000000000000000        0x0 kernel/klib.o
 .note.GNU-stack
                0x0000000000000000        0x0 lib/syslog.o
 .note.GNU-stack
                0x0000000000000000        0x0 mm/main.o
 .note.GNU-stack
                0x0000000000000000        0x0 mm/forkexit.o
 .note.GNU-stack
                0x0000000000000000        0x0 mm/exec.o
 .note.GNU-stack
                0x0000000000000000        0x0 fs/main.o
 .note.GNU-stack
                0x0000000000000000        0x0 fs/open.o
 .note.GNU-stack
                0x0000000000000000        0x0 fs/misc.o
 .note.GNU-stack
                0x0000000000000000        0x0 fs/read_write.o
 .note.GNU-stack
                0x0000000000000000        0x0 fs/link.o
 .note.GNU-stack
                0x0000000000000000        0x0 fs/disklog.o
 .note.GNU-stack
                0x0000000000000000        0x0 lib/orangescrt.a(printf.o)
 .note.GNU-stack
                0x0000000000000000        0x0 lib/orangescrt.a(vsprintf.o)
 .note.GNU-stack
                0x0000000000000000        0x0 lib/orangescrt.a(misc.o)
 .note.GNU-stack
                0x0000000000000000        0x0 lib/orangescrt.a(open.o)
 .note.GNU-stack
                0x0000000000000000        0x0 lib/orangescrt.a(read.o)
 .note.GNU-stack
                0x0000000000000000        0x0 lib/orangescrt.a(write.o)
 .note.GNU-stack
                0x0000000000000000        0x0 lib/orangescrt.a(close.o)
 .note.GNU-stack
                0x0000000000000000        0x0 lib/orangescrt.a(lseek.o)
 .note.GNU-stack
                0x0000000000000000        0x0 lib/orangescrt.a(getpid.o)
 .note.GNU-stack
                0x0000000000000000        0x0 lib/orangescrt.a(stat.o)
 .note.GNU-stack
                0x0000000000000000        0x0 lib/orangescrt.a(fork.o)
 .note.GNU-stack
                0x0000000000000000        0x0 lib/orangescrt.a(wait.o)
 .note.GNU-stack
                0x0000000000000000        0x0 lib/orangescrt.a(exec.o)

Memory Configuration

Name             Origin             Length             Attributes
*default*        0x0000000000000000 0xffffffffffffffff

Linker script and memory map

Address of section .text set to 0x1000
LOAD kernel/kernel.o
LOAD kernel/start.o
LOAD kernel/main.o
LOAD kernel/clock.o
LOAD kernel/keyboard.o
LOAD kernel/tty.o
LOAD kernel/console.o
LOAD kernel/i8259.o
LOAD kernel/global.o
LOAD kernel/protect.o
LOAD kernel/proc.o
LOAD kernel/systask.o
LOAD kernel/hd.o
LOAD kernel/kliba.o
LOAD kernel/klib.o
LOAD lib/syslog.o
LOAD mm/main.o
LOAD mm/forkexit.o
LOAD mm/exec.o
LOAD fs/main.o
LOAD fs/open.o
LOAD fs/misc.o
LOAD fs/read_write.o
LOAD fs/link.o
LOAD fs/disklog.o
LOAD lib/orangescrt.a
                [!provide]                        PROVIDE (__executable_start, 0x8048000)
                0x0000000008048094                . = (0x8048000 + SIZEOF_HEADERS)

.interp
 *(.interp)

.note.gnu.build-id
 *(.note.gnu.build-id)

.hash
 *(.hash)

.gnu.hash
 *(.gnu.hash)

.dynsym
 *(.dynsym)

.dynstr
 *(.dynstr)

.gnu.version
 *(.gnu.version)

.gnu.version_d
 *(.gnu.version_d)

.gnu.version_r
 *(.gnu.version_r)

.rel.dyn        0x0000000008048094        0x0
 *(.rel.init)
 *(.rel.text .rel.text.* .rel.gnu.linkonce.t.*)
 .rel.text      0x0000000008048094        0x0 kernel/kernel.o
 *(.rel.fini)
 *(.rel.rodata .rel.rodata.* .rel.gnu.linkonce.r.*)
 *(.rel.data.rel.ro .rel.data.rel.ro.* .rel.gnu.linkonce.d.rel.ro.*)
 *(.rel.data .rel.data.* .rel.gnu.linkonce.d.*)
 .rel.data      0x0000000008048094        0x0 kernel/kernel.o
 *(.rel.tdata .rel.tdata.* .rel.gnu.linkonce.td.*)
 *(.rel.tbss .rel.tbss.* .rel.gnu.linkonce.tb.*)
 *(.rel.ctors)
 *(.rel.dtors)
 *(.rel.got)
 *(.rel.bss .rel.bss.* .rel.gnu.linkonce.b.*)
 *(.rel.ifunc)

.rel.plt        0x0000000008048094        0x0
 *(.rel.plt)
                [!provide]                        PROVIDE (__rel_iplt_start, .)
 *(.rel.iplt)
 .rel.iplt      0x0000000008048094        0x0 kernel/kernel.o
                [!provide]                        PROVIDE (__rel_iplt_end, .)

.init
 *(SORT(.init))

.plt            0x00000000080480a0        0x0
 *(.plt)
 *(.iplt)
 .iplt          0x00000000080480a0        0x0 kernel/kernel.o

.plt.got
 *(.plt.got)

.text           0x0000000000001000     0xbd08
 *(.text.unlikely .text.*_unlikely .text.unlikely.*)
 *(.text.exit .text.exit.*)
 *(.text.startup .text.startup.*)
 *(.text.hot .text.hot.*)
 *(.text .stub .text.* .gnu.linkonce.t.*)
 .text          0x0000000000001000      0x410 kernel/kernel.o
                0x0000000000001000                _start
                0x0000000000001040                hwint00
                0x0000000000001070                hwint01
                0x00000000000010a0                hwint02
                0x00000000000010d0                hwint03
                0x0000000000001100                hwint04
                0x0000000000001130                hwint05
                0x0000000000001160                hwint06
                0x0000000000001190                hwint07
                0x00000000000011c0                hwint08
                0x00000000000011f0                hwint09
                0x0000000000001220                hwint10
                0x0000000000001250                hwint11
                0x0000000000001280                hwint12
                0x00000000000012b0                hwint13
                0x00000000000012e0                hwint14
                0x0000000000001310                hwint15
                0x0000000000001334                divide_error
                0x000000000000133a                single_step_exception
                0x0000000000001340                nmi
                0x0000000000001346                breakpoint_exception
                0x000000000000134c                overflow
                0x0000000000001352                bounds_check
                0x0000000000001358                inval_opcode
                0x000000000000135e                copr_not_available
                0x0000000000001364                double_fault
                0x0000000000001368                copr_seg_overrun
                0x000000000000136e                inval_tss
                0x0000000000001372                segment_not_present
                0x0000000000001376                stack_exception
                0x000000000000137a                general_protection
                0x000000000000137e                page_fault
                0x0000000000001382                copr_error
                0x00000000000013cb                sys_call
                0x00000000000013eb                restart
 .text          0x0000000000001410       0x95 kernel/start.o
                0x0000000000001410                cstart
 .text          0x00000000000014a5      0x9da kernel/main.o
                0x00000000000014a5                kernel_main
                0x00000000000017ad                get_ticks
                0x00000000000017e1                untar
                0x0000000000001aab                shabby_shell
                0x0000000000001cb3                Init
                0x0000000000001e27                TestA
                0x0000000000001e2c                TestB
                0x0000000000001e31                TestC
                0x0000000000001e36                panic
 .text          0x0000000000001e7f      0x10d kernel/clock.o
                0x0000000000001e7f                clock_handler
                0x0000000000001efa                milli_delay
                0x0000000000001f34                init_clock
 .text          0x0000000000001f8c      0x6da kernel/keyboard.o
                0x0000000000001f8c                keyboard_handler
                0x0000000000001ff6                init_keyboard
                0x00000000000020a5                keyboard_read
 .text          0x0000000000002666      0x9c0 kernel/tty.o
                0x0000000000002666                task_tty
                0x0000000000002816                in_process
                0x0000000000002d27                sys_printx
                0x0000000000002ec5                dump_tty_buf
 .text          0x0000000000003026      0x7d7 kernel/console.o
                0x0000000000003026                init_screen
                0x000000000000319a                out_char
                0x0000000000003477                is_current_console
                0x000000000000356a                select_console
                0x00000000000035aa                scroll_screen
 .text          0x00000000000037fd      0x130 kernel/i8259.o
                0x00000000000037fd                init_8259A
                0x00000000000038d2                spurious_irq
                0x0000000000003909                put_irq_handler
 .text          0x000000000000392d        0x0 kernel/global.o
 .text          0x000000000000392d      0x660 kernel/protect.o
                0x000000000000392d                init_prot
                0x0000000000003d96                seg2linear
                0x0000000000003de5                init_desc
                0x0000000000003e52                exception_handler
 .text          0x0000000000003f8d     0x15c8 kernel/proc.o
                0x0000000000003f8d                schedule
                0x0000000000004019                sys_sendrec
                0x0000000000004138                ldt_seg_linear
                0x0000000000004182                va2la
                0x00000000000041e3                reset_msg
                0x0000000000004fa3                inform_int
                0x0000000000005110                dump_proc
                0x0000000000005448                dump_msg
 .text          0x0000000000005555      0x2bc kernel/systask.o
                0x0000000000005555                task_sys
 .text          0x0000000000005811      0xd1e kernel/hd.o
                0x0000000000005811                task_hd
                0x0000000000006504                hd_handler
 *fill*         0x000000000000652f        0x1 
 .text          0x0000000000006530      0x19a kernel/kliba.o
                0x0000000000006530                disp_str
                0x000000000000656e                disp_color_str
                0x00000000000065ad                out_byte
                0x00000000000065b9                in_byte
                0x00000000000065c3                port_read
                0x00000000000065d6                port_write
                0x00000000000065e9                disable_irq
                0x000000000000661e                enable_irq
                0x000000000000663d                disable_int
                0x000000000000663f                enable_int
                0x0000000000006641                glitter
 .text          0x00000000000066ca      0x2af kernel/klib.o
                0x00000000000066ca                get_boot_params
                0x0000000000006750                get_kernel_map
                0x0000000000006860                itoa
                0x000000000000690b                disp_int
                0x0000000000006932                delay
 .text          0x0000000000006979       0x6f lib/syslog.o
                0x0000000000006979                syslog
 .text          0x00000000000069e8      0x1bc mm/main.o
                0x00000000000069e8                task_mm
                0x0000000000006b1f                alloc_mem
                0x0000000000006b9a                free_mem
 .text          0x0000000000006ba4      0x5e6 mm/forkexit.o
                0x0000000000006ba4                do_fork
                0x0000000000006f01                do_exit
                0x00000000000070d2                do_wait
 .text          0x000000000000718a      0x359 mm/exec.o
                0x000000000000718a                do_exec
 .text          0x00000000000074e3     0x1118 fs/main.o
                0x00000000000074e3                task_fs
                0x0000000000007fde                rw_sector
                0x0000000000008203                get_super_block
                0x0000000000008249                get_inode
                0x00000000000083ac                put_inode
                0x00000000000083ea                sync_inode
 .text          0x00000000000085fb      0xb8c fs/open.o
                0x00000000000085fb                do_open
                0x0000000000008b23                do_close
                0x0000000000008b9e                do_lseek
 .text          0x0000000000009187      0x3b2 fs/misc.o
                0x0000000000009187                do_stat
                0x0000000000009358                search_file
                0x00000000000094ae                strip_path
 .text          0x0000000000009539      0x49a fs/read_write.o
                0x0000000000009539                do_rdwt
 .text          0x00000000000099d3      0x808 fs/link.o
                0x00000000000099d3                do_unlink
 .text          0x000000000000a1db     0x1fbf fs/disklog.o
                0x000000000000a1db                disklog
                0x000000000000a748                dump_fd_graph
 .text          0x000000000000c19a       0xad lib/orangescrt.a(printf.o)
                0x000000000000c19a                printf
                0x000000000000c205                printl
 .text          0x000000000000c247      0x305 lib/orangescrt.a(vsprintf.o)
                0x000000000000c2a5                vsprintf
                0x000000000000c526                sprintf
 *fill*         0x000000000000c54c        0x4 
 .text          0x000000000000c550       0x78 lib/orangescrt.a(string.o)
                0x000000000000c550                memcpy
                0x000000000000c579                memset
                0x000000000000c59a                strcpy
                0x000000000000c5b2                strlen
 .text          0x000000000000c5c8      0x256 lib/orangescrt.a(misc.o)
                0x000000000000c5c8                send_recv
                0x000000000000c682                memcmp
                0x000000000000c6f8                strcmp
                0x000000000000c76b                strcat
                0x000000000000c7ca                spin
                0x000000000000c7e5                assertion_failure
 .text          0x000000000000c81e       0x63 lib/orangescrt.a(open.o)
                0x000000000000c81e                open
 .text          0x000000000000c881       0x37 lib/orangescrt.a(read.o)
                0x000000000000c881                read
 .text          0x000000000000c8b8       0x37 lib/orangescrt.a(write.o)
                0x000000000000c8b8                write
 .text          0x000000000000c8ef       0x2b lib/orangescrt.a(close.o)
                0x000000000000c8ef                close
 .text          0x000000000000c91a       0x37 lib/orangescrt.a(lseek.o)
                0x000000000000c91a                lseek
 .text          0x000000000000c951       0x46 lib/orangescrt.a(getpid.o)
                0x000000000000c951                getpid
 .text          0x000000000000c997       0x63 lib/orangescrt.a(stat.o)
                0x000000000000c997                stat
 .text          0x000000000000c9fa       0x66 lib/orangescrt.a(fork.o)
                0x000000000000c9fa                fork
 .text          0x000000000000ca60       0x3c lib/orangescrt.a(wait.o)
                0x000000000000ca60                wait
 .text          0x000000000000ca9c      0x237 lib/orangescrt.a(exec.o)
                0x000000000000ca9c                exec
                0x000000000000cb07                execl
                0x000000000000cb2c                execv
 *fill*         0x000000000000ccd3        0xd 
 .text          0x000000000000cce0       0x28 lib/orangescrt.a(syscall.o)
                0x000000000000cce0                sendrec
                0x000000000000ccfa                printx
 *(.gnu.warning)

.fini
 *(SORT(.fini))
                [!provide]                        PROVIDE (__etext, .)
                [!provide]                        PROVIDE (_etext, .)
                [!provide]                        PROVIDE (etext, .)

.rodata         0x000000000000cd20     0x25ab
 *(.rodata .rodata.* .gnu.linkonce.r.*)
 .rodata        0x000000000000cd20       0x47 kernel/start.o
 *fill*         0x000000000000cd67        0x1 
 .rodata        0x000000000000cd68      0x1b8 kernel/main.o
 .rodata        0x000000000000cf20       0x64 kernel/keyboard.o
 .rodata        0x000000000000cf84      0x13c kernel/tty.o
 .rodata        0x000000000000d0c0       0x5b kernel/console.o
 .rodata        0x000000000000d11b       0x11 kernel/i8259.o
 .rodata        0x000000000000d12c       0x10 kernel/global.o
                0x000000000000d12c                FSBUF_SIZE
                0x000000000000d130                MMBUF_SIZE
                0x000000000000d134                LOGBUF_SIZE
                0x000000000000d138                LOGDISKBUF_SIZE
 *fill*         0x000000000000d13c        0x4 
 .rodata        0x000000000000d140      0x580 kernel/protect.o
 .rodata        0x000000000000d6c0      0x5da kernel/proc.o
 .rodata        0x000000000000dc9a       0x11 kernel/systask.o
 *fill*         0x000000000000dcab        0x1 
 .rodata        0x000000000000dcac      0x15c kernel/hd.o
 .rodata        0x000000000000de08       0x6a kernel/klib.o
 .rodata        0x000000000000de72       0x1e lib/syslog.o
 .rodata        0x000000000000de90       0xb1 mm/main.o
 *fill*         0x000000000000df41        0x3 
 .rodata        0x000000000000df44       0xe7 mm/forkexit.o
 *fill*         0x000000000000e02b        0x1 
 .rodata        0x000000000000e02c       0xa4 mm/exec.o
 .rodata        0x000000000000e0d0      0x2ce fs/main.o
 *fill*         0x000000000000e39e        0x2 
 .rodata        0x000000000000e3a0      0x1c8 fs/open.o
 .rodata        0x000000000000e568       0x60 fs/misc.o
 .rodata        0x000000000000e5c8      0x164 fs/read_write.o
 .rodata        0x000000000000e72c      0x1ad fs/link.o
 *fill*         0x000000000000e8d9        0x3 
 .rodata        0x000000000000e8dc      0x806 fs/disklog.o
 .rodata        0x000000000000f0e2       0x14 lib/orangescrt.a(printf.o)
 *fill*         0x000000000000f0f6        0x2 
 .rodata        0x000000000000f0f8       0xad lib/orangescrt.a(misc.o)
 .rodata        0x000000000000f1a5       0x23 lib/orangescrt.a(open.o)
 .rodata        0x000000000000f1c8       0x25 lib/orangescrt.a(getpid.o)
 .rodata        0x000000000000f1ed       0x23 lib/orangescrt.a(stat.o)
 .rodata        0x000000000000f210       0x33 lib/orangescrt.a(fork.o)
 *fill*         0x000000000000f243        0x1 
 .rodata        0x000000000000f244       0x87 lib/orangescrt.a(exec.o)

.rodata1
 *(.rodata1)

.eh_frame_hdr
 *(.eh_frame_hdr)
 *(.eh_frame_entry .eh_frame_entry.*)

.eh_frame       0x000000000000f2cc     0x1270
 *(.eh_frame)
 .eh_frame      0x000000000000f2cc       0x38 kernel/start.o
 .eh_frame      0x000000000000f304      0x108 kernel/main.o
                                        0x120 (size before relaxing)
 .eh_frame      0x000000000000f40c       0x60 kernel/clock.o
                                         0x78 (size before relaxing)
 .eh_frame      0x000000000000f46c       0xe0 kernel/keyboard.o
                                         0xf8 (size before relaxing)
 .eh_frame      0x000000000000f54c      0x13c kernel/tty.o
                                        0x154 (size before relaxing)
 .eh_frame      0x000000000000f688      0x144 kernel/console.o
                                        0x15c (size before relaxing)
 .eh_frame      0x000000000000f7cc       0x60 kernel/i8259.o
                                         0x78 (size before relaxing)
 .eh_frame      0x000000000000f82c       0xb0 kernel/protect.o
                                         0xc8 (size before relaxing)
 .eh_frame      0x000000000000f8dc      0x1b8 kernel/proc.o
                                        0x1d0 (size before relaxing)
 .eh_frame      0x000000000000fa94       0x5c kernel/systask.o
                                         0x74 (size before relaxing)
 .eh_frame      0x000000000000faf0      0x1c8 kernel/hd.o
                                        0x1e0 (size before relaxing)
 .eh_frame      0x000000000000fcb8       0xa0 kernel/klib.o
                                         0xb8 (size before relaxing)
 .eh_frame      0x000000000000fd58       0x20 lib/syslog.o
                                         0x38 (size before relaxing)
 .eh_frame      0x000000000000fd78       0x7c mm/main.o
                                         0x94 (size before relaxing)
 .eh_frame      0x000000000000fdf4       0x90 mm/forkexit.o
                                         0xa8 (size before relaxing)
 .eh_frame      0x000000000000fe84       0x2c mm/exec.o
                                         0x44 (size before relaxing)
 .eh_frame      0x000000000000feb0      0x170 fs/main.o
                                        0x188 (size before relaxing)
 .eh_frame      0x0000000000010020      0x120 fs/open.o
                                        0x138 (size before relaxing)
 .eh_frame      0x0000000000010140       0x68 fs/misc.o
                                         0x80 (size before relaxing)
 .eh_frame      0x00000000000101a8       0x2c fs/read_write.o
                                         0x44 (size before relaxing)
 .eh_frame      0x00000000000101d4       0x2c fs/link.o
                                         0x44 (size before relaxing)
 .eh_frame      0x0000000000010200       0x60 fs/disklog.o
                                         0x78 (size before relaxing)
 .eh_frame      0x0000000000010260       0x40 lib/orangescrt.a(printf.o)
                                         0x58 (size before relaxing)
 .eh_frame      0x00000000000102a0       0x60 lib/orangescrt.a(vsprintf.o)
                                         0x78 (size before relaxing)
 .eh_frame      0x0000000000010300       0xbc lib/orangescrt.a(misc.o)
                                         0xd4 (size before relaxing)
 .eh_frame      0x00000000000103bc       0x20 lib/orangescrt.a(open.o)
                                         0x38 (size before relaxing)
 .eh_frame      0x00000000000103dc       0x20 lib/orangescrt.a(read.o)
                                         0x38 (size before relaxing)
 .eh_frame      0x00000000000103fc       0x20 lib/orangescrt.a(write.o)
                                         0x38 (size before relaxing)
 .eh_frame      0x000000000001041c       0x20 lib/orangescrt.a(close.o)
                                         0x38 (size before relaxing)
 .eh_frame      0x000000000001043c       0x20 lib/orangescrt.a(lseek.o)
                                         0x38 (size before relaxing)
 .eh_frame      0x000000000001045c       0x20 lib/orangescrt.a(getpid.o)
                                         0x38 (size before relaxing)
 .eh_frame      0x000000000001047c       0x20 lib/orangescrt.a(stat.o)
                                         0x38 (size before relaxing)
 .eh_frame      0x000000000001049c       0x20 lib/orangescrt.a(fork.o)
                                         0x38 (size before relaxing)
 .eh_frame      0x00000000000104bc       0x20 lib/orangescrt.a(wait.o)
                                         0x38 (size before relaxing)
 .eh_frame      0x00000000000104dc       0x60 lib/orangescrt.a(exec.o)
                                         0x78 (size before relaxing)
 *(.eh_frame.*)

.gcc_except_table
 *(.gcc_except_table .gcc_except_table.*)

.gnu_extab
 *(.gnu_extab*)

.exception_ranges
 *(.exception_ranges .exception_ranges*)
                0x000000000001153c                . = DATA_SEGMENT_ALIGN (0x1000, 0x1000)

.eh_frame
 *(.eh_frame)
 *(.eh_frame.*)

.gnu_extab
 *(.gnu_extab)

.gcc_except_table
 *(.gcc_except_table .gcc_except_table.*)

.exception_ranges
 *(.exception_ranges .exception_ranges*)

.tdata
 *(.tdata .tdata.* .gnu.linkonce.td.*)

.tbss
 *(.tbss .tbss.* .gnu.linkonce.tb.*)
 *(.tcommon)

.preinit_array  0x000000000001153c        0x0
                [!provide]                        PROVIDE (__preinit_array_start, .)
 *(.preinit_array)
                [!provide]                        PROVIDE (__preinit_array_end, .)

.init_array     0x000000000001153c        0x0
                [!provide]                        PROVIDE (__init_array_start, .)
 *(SORT(.init_array.*) SORT(.ctors.*))
 *(.init_array EXCLUDE_FILE(*crtend?.o *crtend.o *crtbegin?.o *crtbegin.o) .ctors)
                [!provide]                        PROVIDE (__init_array_end, .)

.fini_array     0x000000000001153c        0x0
                [!provide]                        PROVIDE (__fini_array_start, .)
 *(SORT(.fini_array.*) SORT(.dtors.*))
 *(.fini_array EXCLUDE_FILE(*crtend?.o *crtend.o *crtbegin?.o *crtbegin.o) .dtors)
                [!provide]                        PROVIDE (__fini_array_end, .)

.ctors
 *crtbegin.o(.ctors)
 *crtbegin?.o(.ctors)
 *(EXCLUDE_FILE(*crtend?.o *crtend.o) .ctors)
 *(SORT(.ctors.*))
 *(.ctors)

.dtors
 *crtbegin.o(.dtors)
 *crtbegin?.o(.dtors)
 *(EXCLUDE_FILE(*crtend?.o *crtend.o) .dtors)
 *(SORT(.dtors.*))
 *(.dtors)

.jcr
 *(.jcr)

.data.rel.ro
 *(.data.rel.ro.local* .gnu.linkonce.d.rel.ro.local.*)
 *(.data.rel.ro .data.rel.ro.* .gnu.linkonce.d.rel.ro.*)

.dynamic
 *(.dynamic)

.got
 *(.got)
 *(.igot)
                0x000000000001153c                . = DATA_SEGMENT_RELRO_END (., (SIZEOF (.got.plt) >= 0xc)?0xc:0x0)

.got.plt        0x000000000001153c        0x0
 *(.got.plt)
 *(.igot.plt)
 .igot.plt      0x000000000001153c        0x0 kernel/kernel.o

.data           0x0000000000011540      0x814
 *(.data .data.* .gnu.linkonce.d.*)
 .data          0x0000000000011540        0x2 kernel/kernel.o
 .data          0x0000000000011542        0x0 kernel/start.o
 .data          0x0000000000011542        0x0 kernel/main.o
 .data          0x0000000000011542        0x0 kernel/clock.o
 *fill*         0x0000000000011542       0x1e 
 .data          0x0000000000011560      0x600 kernel/keyboard.o
                0x0000000000011560                keymap
 .data          0x0000000000011b60       0x22 kernel/tty.o
 .data          0x0000000000011b82        0x0 kernel/console.o
 .data          0x0000000000011b82        0x0 kernel/i8259.o
 *fill*         0x0000000000011b82       0x1e 
 .data          0x0000000000011ba0      0x1b4 kernel/global.o
                0x0000000000011ba0                task_table
                0x0000000000011c80                user_proc_table
                0x0000000000011d20                sys_call_table
                0x0000000000011d2c                dd_map
                0x0000000000011d44                fsbuf
                0x0000000000011d48                mmbuf
                0x0000000000011d4c                logbuf
                0x0000000000011d50                logdiskbuf
 .data          0x0000000000011d54        0x0 kernel/protect.o
 .data          0x0000000000011d54        0x0 kernel/proc.o
 .data          0x0000000000011d54        0x0 kernel/systask.o
 .data          0x0000000000011d54        0x0 kernel/hd.o
 .data          0x0000000000011d54        0x0 kernel/klib.o
 .data          0x0000000000011d54        0x0 lib/syslog.o
 .data          0x0000000000011d54        0x0 mm/main.o
 .data          0x0000000000011d54        0x0 mm/forkexit.o
 .data          0x0000000000011d54        0x0 mm/exec.o
 .data          0x0000000000011d54        0x0 fs/main.o
 .data          0x0000000000011d54        0x0 fs/open.o
 .data          0x0000000000011d54        0x0 fs/misc.o
 .data          0x0000000000011d54        0x0 fs/read_write.o
 .data          0x0000000000011d54        0x0 fs/link.o
 .data          0x0000000000011d54        0x0 fs/disklog.o
 .data          0x0000000000011d54        0x0 lib/orangescrt.a(printf.o)
 .data          0x0000000000011d54        0x0 lib/orangescrt.a(vsprintf.o)
 .data          0x0000000000011d54        0x0 lib/orangescrt.a(misc.o)
 .data          0x0000000000011d54        0x0 lib/orangescrt.a(open.o)
 .data          0x0000000000011d54        0x0 lib/orangescrt.a(read.o)
 .data          0x0000000000011d54        0x0 lib/orangescrt.a(write.o)
 .data          0x0000000000011d54        0x0 lib/orangescrt.a(close.o)
 .data          0x0000000000011d54        0x0 lib/orangescrt.a(lseek.o)
 .data          0x0000000000011d54        0x0 lib/orangescrt.a(getpid.o)
 .data          0x0000000000011d54        0x0 lib/orangescrt.a(stat.o)
 .data          0x0000000000011d54        0x0 lib/orangescrt.a(fork.o)
 .data          0x0000000000011d54        0x0 lib/orangescrt.a(wait.o)
 .data          0x0000000000011d54        0x0 lib/orangescrt.a(exec.o)

.data1
 *(.data1)
                0x0000000000011d54                _edata = .
                [!provide]                        PROVIDE (edata, .)
                0x0000000000011d54                . = .
                0x0000000000011d54                __bss_start = .

.bss            0x0000000000011d60    0x2bf40
 *(.dynbss)
 *(.bss .bss.* .gnu.linkonce.b.*)
 .bss           0x0000000000011d60     0x1000 kernel/kernel.o
 .bss           0x0000000000012d60        0x0 kernel/start.o
 .bss           0x0000000000012d60        0x0 kernel/main.o
 .bss           0x0000000000012d60        0x0 kernel/clock.o
 .bss           0x0000000000012d60       0x58 kernel/keyboard.o
 .bss           0x0000000000012db8        0x0 kernel/tty.o
 .bss           0x0000000000012db8        0x0 kernel/console.o
 .bss           0x0000000000012db8        0x0 kernel/i8259.o
 .bss           0x0000000000012db8        0x0 kernel/global.o
 .bss           0x0000000000012db8        0x0 kernel/protect.o
 .bss           0x0000000000012db8        0x0 kernel/proc.o
 .bss           0x0000000000012db8        0x0 kernel/systask.o
 *fill*         0x0000000000012db8        0x8 
 .bss           0x0000000000012dc0      0x64c kernel/hd.o
 .bss           0x000000000001340c        0x0 kernel/klib.o
 .bss           0x000000000001340c        0x0 lib/syslog.o
 .bss           0x000000000001340c        0x0 mm/main.o
 .bss           0x000000000001340c        0x0 mm/forkexit.o
 .bss           0x000000000001340c        0x0 mm/exec.o
 .bss           0x000000000001340c        0x0 fs/main.o
 .bss           0x000000000001340c        0x0 fs/open.o
 .bss           0x000000000001340c        0x0 fs/misc.o
 .bss           0x000000000001340c        0x0 fs/read_write.o
 .bss           0x000000000001340c        0x0 fs/link.o
 *fill*         0x000000000001340c       0x14 
 .bss           0x0000000000013420      0x208 fs/disklog.o
 .bss           0x0000000000013628        0x0 lib/orangescrt.a(printf.o)
 .bss           0x0000000000013628        0x0 lib/orangescrt.a(vsprintf.o)
 .bss           0x0000000000013628        0x0 lib/orangescrt.a(misc.o)
 .bss           0x0000000000013628        0x0 lib/orangescrt.a(open.o)
 .bss           0x0000000000013628        0x0 lib/orangescrt.a(read.o)
 .bss           0x0000000000013628        0x0 lib/orangescrt.a(write.o)
 .bss           0x0000000000013628        0x0 lib/orangescrt.a(close.o)
 .bss           0x0000000000013628        0x0 lib/orangescrt.a(lseek.o)
 .bss           0x0000000000013628        0x0 lib/orangescrt.a(getpid.o)
 .bss           0x0000000000013628        0x0 lib/orangescrt.a(stat.o)
 .bss           0x0000000000013628        0x0 lib/orangescrt.a(fork.o)
 .bss           0x0000000000013628        0x0 lib/orangescrt.a(wait.o)
 .bss           0x0000000000013628        0x0 lib/orangescrt.a(exec.o)
 *(COMMON)
 *fill*         0x0000000000013628       0x18 
 COMMON         0x0000000000013640    0x2a64e kernel/global.o
                0x0000000000013640                idt_ptr
                0x0000000000013660                inode_table
                0x0000000000014160                task_stack
                0x0000000000038160                k_reenter
                0x0000000000038180                gdt
                0x0000000000038580                current_console
                0x0000000000038584                pcaller
                0x00000000000385a0                tty_table
                0x0000000000039220                tss
                0x00000000000392a0                fs_msg
                0x00000000000392d0                memory_size
                0x00000000000392e0                f_desc_table
                0x00000000000396e0                root_inode
                0x00000000000396e4                disp_pos
                0x0000000000039700                mm_msg
                0x0000000000039730                key_pressed
                0x0000000000039734                gdt_ptr
                0x0000000000039740                idt
                0x0000000000039f40                super_block
                0x000000000003a120                ticks
                0x000000000003a140                console_table
                0x000000000003a180                irq_table
                0x000000000003a1c0                p_proc_ready
                0x000000000003a1e0                proc_table
 *fill*         0x000000000003dc8e        0x2 
 COMMON         0x000000000003dc90       0x10 kernel/hd.o
                0x000000000003dc90                PARTITION_ENTRY
                0x000000000003dca0                . = ALIGN ((. != 0x0)?0x4:0x1)
                0x000000000003dca0                . = ALIGN (0x4)
                0x000000000003dca0                . = SEGMENT_START ("ldata-segment", .)
                0x000000000003dca0                . = ALIGN (0x4)
                0x000000000003dca0                _end = .
                [!provide]                        PROVIDE (end, .)
                0x000000000003dca0                . = DATA_SEGMENT_END (.)

.stab
 *(.stab)

.stabstr
 *(.stabstr)

.stab.excl
 *(.stab.excl)

.stab.exclstr
 *(.stab.exclstr)

.stab.index
 *(.stab.index)

.stab.indexstr
 *(.stab.indexstr)

.comment        0x0000000000000000       0x34
 *(.comment)
 .comment       0x0000000000000000       0x34 kernel/start.o
                                         0x35 (size before relaxing)
 .comment       0x0000000000000034       0x35 kernel/main.o
 .comment       0x0000000000000034       0x35 kernel/clock.o
 .comment       0x0000000000000034       0x35 kernel/keyboard.o
 .comment       0x0000000000000034       0x35 kernel/tty.o
 .comment       0x0000000000000034       0x35 kernel/console.o
 .comment       0x0000000000000034       0x35 kernel/i8259.o
 .comment       0x0000000000000034       0x35 kernel/global.o
 .comment       0x0000000000000034       0x35 kernel/protect.o
 .comment       0x0000000000000034       0x35 kernel/proc.o
 .comment       0x0000000000000034       0x35 kernel/systask.o
 .comment       0x0000000000000034       0x35 kernel/hd.o
 .comment       0x0000000000000034       0x35 kernel/klib.o
 .comment       0x0000000000000034       0x35 lib/syslog.o
 .comment       0x0000000000000034       0x35 mm/main.o
 .comment       0x0000000000000034       0x35 mm/forkexit.o
 .comment       0x0000000000000034       0x35 mm/exec.o
 .comment       0x0000000000000034       0x35 fs/main.o
 .comment       0x0000000000000034       0x35 fs/open.o
 .comment       0x0000000000000034       0x35 fs/misc.o
 .comment       0x0000000000000034       0x35 fs/read_write.o
 .comment       0x0000000000000034       0x35 fs/link.o
 .comment       0x0000000000000034       0x35 fs/disklog.o
 .comment       0x0000000000000034       0x35 lib/orangescrt.a(printf.o)
 .comment       0x0000000000000034       0x35 lib/orangescrt.a(vsprintf.o)
 .comment       0x0000000000000034       0x35 lib/orangescrt.a(misc.o)
 .comment       0x0000000000000034       0x35 lib/orangescrt.a(open.o)
 .comment       0x0000000000000034       0x35 lib/orangescrt.a(read.o)
 .comment       0x0000000000000034       0x35 lib/orangescrt.a(write.o)
 .comment       0x0000000000000034       0x35 lib/orangescrt.a(close.o)
 .comment       0x0000000000000034       0x35 lib/orangescrt.a(lseek.o)
 .comment       0x0000000000000034       0x35 lib/orangescrt.a(getpid.o)
 .comment       0x0000000000000034       0x35 lib/orangescrt.a(stat.o)
 .comment       0x0000000000000034       0x35 lib/orangescrt.a(fork.o)
 .comment       0x0000000000000034       0x35 lib/orangescrt.a(wait.o)
 .comment       0x0000000000000034       0x35 lib/orangescrt.a(exec.o)

.debug
 *(.debug)

.line
 *(.line)

.debug_srcinfo
 *(.debug_srcinfo)

.debug_sfnames
 *(.debug_sfnames)

.debug_aranges
 *(.debug_aranges)

.debug_pubnames
 *(.debug_pubnames)

.debug_info
 *(.debug_info .gnu.linkonce.wi.*)

.debug_abbrev
 *(.debug_abbrev)

.debug_line
 *(.debug_line .debug_line.* .debug_line_end)

.debug_frame
 *(.debug_frame)

.debug_str
 *(.debug_str)

.debug_loc
 *(.debug_loc)

.debug_macinfo
 *(.debug_macinfo)

.debug_weaknames
 *(.debug_weaknames)

.debug_funcnames
 *(.debug_funcnames)

.debug_typenames
 *(.debug_typenames)

.debug_varnames
 *(.debug_varnames)

.debug_pubtypes
 *(.debug_pubtypes)

.debug_ranges
 *(.debug_ranges)

.debug_macro
 *(.debug_macro)

.gnu.attributes
 *(.gnu.attributes)

/DISCARD/
 *(.note.GNU-stack)
 *(.gnu_debuglink)
 *(.gnu.lto_*)
OUTPUT(kernel.bin elf32-i386)
