Archive member included to satisfy reference by file (symbol)

lib/orangescrt.a(printf.o)    kernel/main.o (printf)
lib/orangescrt.a(vsprintf.o)  kernel/main.o (vsprintf)
lib/orangescrt.a(string.o)    kernel/start.o (memcpy)
lib/orangescrt.a(misc.o)      kernel/main.o (send_recv)
lib/orangescrt.a(open.o)      kernel/main.o (open)
lib/orangescrt.a(read.o)      kernel/main.o (read)
lib/orangescrt.a(write.o)     kernel/main.o (write)
lib/orangescrt.a(close.o)     kernel/main.o (close)
lib/orangescrt.a(lseek.o)     kernel/main.o (lseek)
lib/orangescrt.a(getpid.o)    fs/disklog.o (getpid)
lib/orangescrt.a(stat.o)      mm/exec.o (stat)
lib/orangescrt.a(fork.o)      kernel/main.o (fork)
lib/orangescrt.a(wait.o)      kernel/main.o (wait)
lib/orangescrt.a(exec.o)      kernel/main.o (execv)
lib/orangescrt.a(syscall.o)   lib/orangescrt.a(misc.o) (sendrec)

Allocating common symbols
Common symbol       size              file

idt_ptr             0x6               kernel/global.o
inode_table         0xb00             kernel/global.o
task_stack          0x24000           kernel/global.o
k_reenter           0x4               kernel/global.o
gdt                 0x400             kernel/global.o
current_console     0x4               kernel/global.o
pcaller             0x4               kernel/global.o
tty_table           0xc6c             kernel/global.o
tss                 0x68              kernel/global.o
fs_msg              0x30              kernel/global.o
memory_size         0x4               kernel/global.o
f_desc_table        0x400             kernel/global.o
root_inode          0x4               kernel/global.o
disp_pos            0x4               kernel/global.o
mm_msg              0x30              kernel/global.o
key_pressed         0x4               kernel/global.o
gdt_ptr             0x6               kernel/global.o
idt                 0x800             kernel/global.o
super_block         0x1e0             kernel/global.o
PARTITION_ENTRY     0x10              kernel/hd.o
ticks               0x4               kernel/global.o
console_table       0x3c              kernel/global.o
irq_table           0x40              kernel/global.o
p_proc_ready        0x4               kernel/global.o
proc_table          0x3aae            kernel/global.o

Discarded input sections

 .note.GNU-stack
                0x0000000000000000        0x0 kernel/start.o
 .note.GNU-stack
                0x0000000000000000        0x0 kernel/main.o
 .note.GNU-stack
                0x0000000000000000        0x0 kernel/clock.o
 .note.GNU-stack
                0x0000000000000000        0x0 kernel/keyboard.o
 .note.GNU-stack
                0x0000000000000000        0x0 kernel/tty.o
 .note.GNU-stack
                0x0000000000000000        0x0 kernel/console.o
 .note.GNU-stack
                0x0000000000000000        0x0 kernel/i8259.o
 .note.GNU-stack
                0x0000000000000000        0x0 kernel/global.o
 .note.GNU-stack
                0x0000000000000000        0x0 kernel/protect.o
 .note.GNU-stack
                0x0000000000000000        0x0 kernel/proc.o
 .note.GNU-stack
                0x0000000000000000        0x0 kernel/systask.o
 .note.GNU-stack
                0x0000000000000000        0x0 kernel/hd.o
 .note.GNU-stack
                0x0000000000000000        0x0 kernel/klib.o
 .note.GNU-stack
                0x0000000000000000        0x0 lib/syslog.o
 .note.GNU-stack
                0x0000000000000000        0x0 mm/main.o
 .note.GNU-stack
                0x0000000000000000        0x0 mm/forkexit.o
 .note.GNU-stack
                0x0000000000000000        0x0 mm/exec.o
 .note.GNU-stack
                0x0000000000000000        0x0 fs/main.o
 .note.GNU-stack
                0x0000000000000000        0x0 fs/open.o
 .note.GNU-stack
                0x0000000000000000        0x0 fs/misc.o
 .note.GNU-stack
                0x0000000000000000        0x0 fs/read_write.o
 .note.GNU-stack
                0x0000000000000000        0x0 fs/link.o
 .note.GNU-stack
                0x0000000000000000        0x0 fs/disklog.o
 .note.GNU-stack
                0x0000000000000000        0x0 lib/orangescrt.a(printf.o)
 .note.GNU-stack
                0x0000000000000000        0x0 lib/orangescrt.a(vsprintf.o)
 .note.GNU-stack
                0x0000000000000000        0x0 lib/orangescrt.a(misc.o)
 .note.GNU-stack
                0x0000000000000000        0x0 lib/orangescrt.a(open.o)
 .note.GNU-stack
                0x0000000000000000        0x0 lib/orangescrt.a(read.o)
 .note.GNU-stack
                0x0000000000000000        0x0 lib/orangescrt.a(write.o)
 .note.GNU-stack
                0x0000000000000000        0x0 lib/orangescrt.a(close.o)
 .note.GNU-stack
                0x0000000000000000        0x0 lib/orangescrt.a(lseek.o)
 .note.GNU-stack
                0x0000000000000000        0x0 lib/orangescrt.a(getpid.o)
 .note.GNU-stack
                0x0000000000000000        0x0 lib/orangescrt.a(stat.o)
 .note.GNU-stack
                0x0000000000000000        0x0 lib/orangescrt.a(fork.o)
 .note.GNU-stack
                0x0000000000000000        0x0 lib/orangescrt.a(wait.o)
 .note.GNU-stack
                0x0000000000000000        0x0 lib/orangescrt.a(exec.o)

Memory Configuration

Name             Origin             Length             Attributes
*default*        0x0000000000000000 0xffffffffffffffff

Linker script and memory map

Address of section .text set to 0x1000
LOAD kernel/kernel.o
LOAD kernel/start.o
LOAD kernel/main.o
LOAD kernel/clock.o
LOAD kernel/keyboard.o
LOAD kernel/tty.o
LOAD kernel/console.o
LOAD kernel/i8259.o
LOAD kernel/global.o
LOAD kernel/protect.o
LOAD kernel/proc.o
LOAD kernel/systask.o
LOAD kernel/hd.o
LOAD kernel/kliba.o
LOAD kernel/klib.o
LOAD lib/syslog.o
LOAD mm/main.o
LOAD mm/forkexit.o
LOAD mm/exec.o
LOAD fs/main.o
LOAD fs/open.o
LOAD fs/misc.o
LOAD fs/read_write.o
LOAD fs/link.o
LOAD fs/disklog.o
LOAD lib/orangescrt.a
                [!provide]                        PROVIDE (__executable_start, 0x8048000)
                0x0000000008048094                . = (0x8048000 + SIZEOF_HEADERS)

.interp
 *(.interp)

.note.gnu.build-id
 *(.note.gnu.build-id)

.hash
 *(.hash)

.gnu.hash
 *(.gnu.hash)

.dynsym
 *(.dynsym)

.dynstr
 *(.dynstr)

.gnu.version
 *(.gnu.version)

.gnu.version_d
 *(.gnu.version_d)

.gnu.version_r
 *(.gnu.version_r)

.rel.dyn        0x0000000008048094        0x0
 *(.rel.init)
 *(.rel.text .rel.text.* .rel.gnu.linkonce.t.*)
 .rel.text      0x0000000008048094        0x0 kernel/kernel.o
 *(.rel.fini)
 *(.rel.rodata .rel.rodata.* .rel.gnu.linkonce.r.*)
 *(.rel.data.rel.ro .rel.data.rel.ro.* .rel.gnu.linkonce.d.rel.ro.*)
 *(.rel.data .rel.data.* .rel.gnu.linkonce.d.*)
 .rel.data      0x0000000008048094        0x0 kernel/kernel.o
 *(.rel.tdata .rel.tdata.* .rel.gnu.linkonce.td.*)
 *(.rel.tbss .rel.tbss.* .rel.gnu.linkonce.tb.*)
 *(.rel.ctors)
 *(.rel.dtors)
 *(.rel.got)
 *(.rel.bss .rel.bss.* .rel.gnu.linkonce.b.*)
 *(.rel.ifunc)

.rel.plt        0x0000000008048094        0x0
 *(.rel.plt)
                [!provide]                        PROVIDE (__rel_iplt_start, .)
 *(.rel.iplt)
 .rel.iplt      0x0000000008048094        0x0 kernel/kernel.o
                [!provide]                        PROVIDE (__rel_iplt_end, .)

.init
 *(SORT(.init))

.plt            0x00000000080480a0        0x0
 *(.plt)
 *(.iplt)
 .iplt          0x00000000080480a0        0x0 kernel/kernel.o

.plt.got
 *(.plt.got)

.text           0x0000000000001000     0xbcd8
 *(.text.unlikely .text.*_unlikely .text.unlikely.*)
 *(.text.exit .text.exit.*)
 *(.text.startup .text.startup.*)
 *(.text.hot .text.hot.*)
 *(.text .stub .text.* .gnu.linkonce.t.*)
 .text          0x0000000000001000      0x410 kernel/kernel.o
                0x0000000000001000                _start
                0x0000000000001040                hwint00
                0x0000000000001070                hwint01
                0x00000000000010a0                hwint02
                0x00000000000010d0                hwint03
                0x0000000000001100                hwint04
                0x0000000000001130                hwint05
                0x0000000000001160                hwint06
                0x0000000000001190                hwint07
                0x00000000000011c0                hwint08
                0x00000000000011f0                hwint09
                0x0000000000001220                hwint10
                0x0000000000001250                hwint11
                0x0000000000001280                hwint12
                0x00000000000012b0                hwint13
                0x00000000000012e0                hwint14
                0x0000000000001310                hwint15
                0x0000000000001334                divide_error
                0x000000000000133a                single_step_exception
                0x0000000000001340                nmi
                0x0000000000001346                breakpoint_exception
                0x000000000000134c                overflow
                0x0000000000001352                bounds_check
                0x0000000000001358                inval_opcode
                0x000000000000135e                copr_not_available
                0x0000000000001364                double_fault
                0x0000000000001368                copr_seg_overrun
                0x000000000000136e                inval_tss
                0x0000000000001372                segment_not_present
                0x0000000000001376                stack_exception
                0x000000000000137a                general_protection
                0x000000000000137e                page_fault
                0x0000000000001382                copr_error
                0x00000000000013cb                sys_call
                0x00000000000013eb                restart
 .text          0x0000000000001410       0x75 kernel/start.o
                0x0000000000001410                cstart
 .text          0x0000000000001485      0x9bc kernel/main.o
                0x0000000000001485                kernel_main
                0x0000000000001792                get_ticks
                0x00000000000017c6                untar
                0x0000000000001a11                shabby_shell
                0x0000000000001c19                Init
                0x0000000000001d44                TestA
                0x0000000000001d49                TestB
                0x0000000000001d4e                TestC
                0x0000000000001d53                panic
                0x0000000000001d9c                welcome
                0x0000000000001e15                clear
 .text          0x0000000000001e41      0x10d kernel/clock.o
                0x0000000000001e41                clock_handler
                0x0000000000001ebc                milli_delay
                0x0000000000001ef6                init_clock
 .text          0x0000000000001f4e      0x6da kernel/keyboard.o
                0x0000000000001f4e                keyboard_handler
                0x0000000000001fb8                init_keyboard
                0x0000000000002067                keyboard_read
 .text          0x0000000000002628      0x9c0 kernel/tty.o
                0x0000000000002628                task_tty
                0x00000000000027d8                in_process
                0x0000000000002ce9                sys_printx
                0x0000000000002e87                dump_tty_buf
 .text          0x0000000000002fe8      0x7d7 kernel/console.o
                0x0000000000002fe8                init_screen
                0x000000000000315c                out_char
                0x0000000000003439                is_current_console
                0x000000000000352c                select_console
                0x000000000000356c                scroll_screen
 .text          0x00000000000037bf      0x130 kernel/i8259.o
                0x00000000000037bf                init_8259A
                0x0000000000003894                spurious_irq
                0x00000000000038cb                put_irq_handler
 .text          0x00000000000038ef        0x0 kernel/global.o
 .text          0x00000000000038ef      0x660 kernel/protect.o
                0x00000000000038ef                init_prot
                0x0000000000003d58                seg2linear
                0x0000000000003da7                init_desc
                0x0000000000003e14                exception_handler
 .text          0x0000000000003f4f     0x15c8 kernel/proc.o
                0x0000000000003f4f                schedule
                0x0000000000003fdb                sys_sendrec
                0x00000000000040fa                ldt_seg_linear
                0x0000000000004144                va2la
                0x00000000000041a5                reset_msg
                0x0000000000004f65                inform_int
                0x00000000000050d2                dump_proc
                0x000000000000540a                dump_msg
 .text          0x0000000000005517      0x2bc kernel/systask.o
                0x0000000000005517                task_sys
 .text          0x00000000000057d3      0xd1e kernel/hd.o
                0x00000000000057d3                task_hd
                0x00000000000064c6                hd_handler
 *fill*         0x00000000000064f1        0xf 
 .text          0x0000000000006500      0x19a kernel/kliba.o
                0x0000000000006500                disp_str
                0x000000000000653e                disp_color_str
                0x000000000000657d                out_byte
                0x0000000000006589                in_byte
                0x0000000000006593                port_read
                0x00000000000065a6                port_write
                0x00000000000065b9                disable_irq
                0x00000000000065ee                enable_irq
                0x000000000000660d                disable_int
                0x000000000000660f                enable_int
                0x0000000000006611                glitter
 .text          0x000000000000669a      0x2af kernel/klib.o
                0x000000000000669a                get_boot_params
                0x0000000000006720                get_kernel_map
                0x0000000000006830                itoa
                0x00000000000068db                disp_int
                0x0000000000006902                delay
 .text          0x0000000000006949       0x6f lib/syslog.o
                0x0000000000006949                syslog
 .text          0x00000000000069b8      0x1bc mm/main.o
                0x00000000000069b8                task_mm
                0x0000000000006aef                alloc_mem
                0x0000000000006b6a                free_mem
 .text          0x0000000000006b74      0x5e6 mm/forkexit.o
                0x0000000000006b74                do_fork
                0x0000000000006ed1                do_exit
                0x00000000000070a2                do_wait
 .text          0x000000000000715a      0x359 mm/exec.o
                0x000000000000715a                do_exec
 .text          0x00000000000074b3     0x1118 fs/main.o
                0x00000000000074b3                task_fs
                0x0000000000007fae                rw_sector
                0x00000000000081d3                get_super_block
                0x0000000000008219                get_inode
                0x000000000000837c                put_inode
                0x00000000000083ba                sync_inode
 .text          0x00000000000085cb      0xb8c fs/open.o
                0x00000000000085cb                do_open
                0x0000000000008af3                do_close
                0x0000000000008b6e                do_lseek
 .text          0x0000000000009157      0x3b2 fs/misc.o
                0x0000000000009157                do_stat
                0x0000000000009328                search_file
                0x000000000000947e                strip_path
 .text          0x0000000000009509      0x49a fs/read_write.o
                0x0000000000009509                do_rdwt
 .text          0x00000000000099a3      0x808 fs/link.o
                0x00000000000099a3                do_unlink
 .text          0x000000000000a1ab     0x1fbf fs/disklog.o
                0x000000000000a1ab                disklog
                0x000000000000a718                dump_fd_graph
 .text          0x000000000000c16a       0xad lib/orangescrt.a(printf.o)
                0x000000000000c16a                printf
                0x000000000000c1d5                printl
 .text          0x000000000000c217      0x305 lib/orangescrt.a(vsprintf.o)
                0x000000000000c275                vsprintf
                0x000000000000c4f6                sprintf
 *fill*         0x000000000000c51c        0x4 
 .text          0x000000000000c520       0x78 lib/orangescrt.a(string.o)
                0x000000000000c520                memcpy
                0x000000000000c549                memset
                0x000000000000c56a                strcpy
                0x000000000000c582                strlen
 .text          0x000000000000c598      0x256 lib/orangescrt.a(misc.o)
                0x000000000000c598                send_recv
                0x000000000000c652                memcmp
                0x000000000000c6c8                strcmp
                0x000000000000c73b                strcat
                0x000000000000c79a                spin
                0x000000000000c7b5                assertion_failure
 .text          0x000000000000c7ee       0x63 lib/orangescrt.a(open.o)
                0x000000000000c7ee                open
 .text          0x000000000000c851       0x37 lib/orangescrt.a(read.o)
                0x000000000000c851                read
 .text          0x000000000000c888       0x37 lib/orangescrt.a(write.o)
                0x000000000000c888                write
 .text          0x000000000000c8bf       0x2b lib/orangescrt.a(close.o)
                0x000000000000c8bf                close
 .text          0x000000000000c8ea       0x37 lib/orangescrt.a(lseek.o)
                0x000000000000c8ea                lseek
 .text          0x000000000000c921       0x46 lib/orangescrt.a(getpid.o)
                0x000000000000c921                getpid
 .text          0x000000000000c967       0x63 lib/orangescrt.a(stat.o)
                0x000000000000c967                stat
 .text          0x000000000000c9ca       0x66 lib/orangescrt.a(fork.o)
                0x000000000000c9ca                fork
 .text          0x000000000000ca30       0x3c lib/orangescrt.a(wait.o)
                0x000000000000ca30                wait
 .text          0x000000000000ca6c      0x237 lib/orangescrt.a(exec.o)
                0x000000000000ca6c                exec
                0x000000000000cad7                execl
                0x000000000000cafc                execv
 *fill*         0x000000000000cca3        0xd 
 .text          0x000000000000ccb0       0x28 lib/orangescrt.a(syscall.o)
                0x000000000000ccb0                sendrec
                0x000000000000ccca                printx
 *(.gnu.warning)

.fini
 *(SORT(.fini))
                [!provide]                        PROVIDE (__etext, .)
                [!provide]                        PROVIDE (_etext, .)
                [!provide]                        PROVIDE (etext, .)

.rodata         0x000000000000cce0     0x25eb
 *(.rodata .rodata.* .gnu.linkonce.r.*)
 .rodata        0x000000000000cce0      0x23c kernel/main.o
 .rodata        0x000000000000cf1c       0x64 kernel/keyboard.o
 .rodata        0x000000000000cf80      0x13c kernel/tty.o
 .rodata        0x000000000000d0bc       0x5b kernel/console.o
 .rodata        0x000000000000d117       0x11 kernel/i8259.o
 .rodata        0x000000000000d128       0x10 kernel/global.o
                0x000000000000d128                FSBUF_SIZE
                0x000000000000d12c                MMBUF_SIZE
                0x000000000000d130                LOGBUF_SIZE
                0x000000000000d134                LOGDISKBUF_SIZE
 *fill*         0x000000000000d138        0x8 
 .rodata        0x000000000000d140      0x580 kernel/protect.o
 .rodata        0x000000000000d6c0      0x5da kernel/proc.o
 .rodata        0x000000000000dc9a       0x11 kernel/systask.o
 *fill*         0x000000000000dcab        0x1 
 .rodata        0x000000000000dcac      0x15c kernel/hd.o
 .rodata        0x000000000000de08       0x6a kernel/klib.o
 .rodata        0x000000000000de72       0x1e lib/syslog.o
 .rodata        0x000000000000de90       0xb1 mm/main.o
 *fill*         0x000000000000df41        0x3 
 .rodata        0x000000000000df44       0xe7 mm/forkexit.o
 *fill*         0x000000000000e02b        0x1 
 .rodata        0x000000000000e02c       0xa4 mm/exec.o
 .rodata        0x000000000000e0d0      0x2ce fs/main.o
 *fill*         0x000000000000e39e        0x2 
 .rodata        0x000000000000e3a0      0x1c8 fs/open.o
 .rodata        0x000000000000e568       0x60 fs/misc.o
 .rodata        0x000000000000e5c8      0x164 fs/read_write.o
 .rodata        0x000000000000e72c      0x1ad fs/link.o
 *fill*         0x000000000000e8d9        0x3 
 .rodata        0x000000000000e8dc      0x806 fs/disklog.o
 .rodata        0x000000000000f0e2       0x14 lib/orangescrt.a(printf.o)
 *fill*         0x000000000000f0f6        0x2 
 .rodata        0x000000000000f0f8       0xad lib/orangescrt.a(misc.o)
 .rodata        0x000000000000f1a5       0x23 lib/orangescrt.a(open.o)
 .rodata        0x000000000000f1c8       0x25 lib/orangescrt.a(getpid.o)
 .rodata        0x000000000000f1ed       0x23 lib/orangescrt.a(stat.o)
 .rodata        0x000000000000f210       0x33 lib/orangescrt.a(fork.o)
 *fill*         0x000000000000f243        0x1 
 .rodata        0x000000000000f244       0x87 lib/orangescrt.a(exec.o)

.rodata1
 *(.rodata1)

.eh_frame_hdr
 *(.eh_frame_hdr)
 *(.eh_frame_entry .eh_frame_entry.*)

.eh_frame       0x000000000000f2cc     0x12b0
 *(.eh_frame)
 .eh_frame      0x000000000000f2cc       0x38 kernel/start.o
 .eh_frame      0x000000000000f304      0x148 kernel/main.o
                                        0x160 (size before relaxing)
 .eh_frame      0x000000000000f44c       0x60 kernel/clock.o
                                         0x78 (size before relaxing)
 .eh_frame      0x000000000000f4ac       0xe0 kernel/keyboard.o
                                         0xf8 (size before relaxing)
 .eh_frame      0x000000000000f58c      0x13c kernel/tty.o
                                        0x154 (size before relaxing)
 .eh_frame      0x000000000000f6c8      0x144 kernel/console.o
                                        0x15c (size before relaxing)
 .eh_frame      0x000000000000f80c       0x60 kernel/i8259.o
                                         0x78 (size before relaxing)
 .eh_frame      0x000000000000f86c       0xb0 kernel/protect.o
                                         0xc8 (size before relaxing)
 .eh_frame      0x000000000000f91c      0x1b8 kernel/proc.o
                                        0x1d0 (size before relaxing)
 .eh_frame      0x000000000000fad4       0x5c kernel/systask.o
                                         0x74 (size before relaxing)
 .eh_frame      0x000000000000fb30      0x1c8 kernel/hd.o
                                        0x1e0 (size before relaxing)
 .eh_frame      0x000000000000fcf8       0xa0 kernel/klib.o
                                         0xb8 (size before relaxing)
 .eh_frame      0x000000000000fd98       0x20 lib/syslog.o
                                         0x38 (size before relaxing)
 .eh_frame      0x000000000000fdb8       0x7c mm/main.o
                                         0x94 (size before relaxing)
 .eh_frame      0x000000000000fe34       0x90 mm/forkexit.o
                                         0xa8 (size before relaxing)
 .eh_frame      0x000000000000fec4       0x2c mm/exec.o
                                         0x44 (size before relaxing)
 .eh_frame      0x000000000000fef0      0x170 fs/main.o
                                        0x188 (size before relaxing)
 .eh_frame      0x0000000000010060      0x120 fs/open.o
                                        0x138 (size before relaxing)
 .eh_frame      0x0000000000010180       0x68 fs/misc.o
                                         0x80 (size before relaxing)
 .eh_frame      0x00000000000101e8       0x2c fs/read_write.o
                                         0x44 (size before relaxing)
 .eh_frame      0x0000000000010214       0x2c fs/link.o
                                         0x44 (size before relaxing)
 .eh_frame      0x0000000000010240       0x60 fs/disklog.o
                                         0x78 (size before relaxing)
 .eh_frame      0x00000000000102a0       0x40 lib/orangescrt.a(printf.o)
                                         0x58 (size before relaxing)
 .eh_frame      0x00000000000102e0       0x60 lib/orangescrt.a(vsprintf.o)
                                         0x78 (size before relaxing)
 .eh_frame      0x0000000000010340       0xbc lib/orangescrt.a(misc.o)
                                         0xd4 (size before relaxing)
 .eh_frame      0x00000000000103fc       0x20 lib/orangescrt.a(open.o)
                                         0x38 (size before relaxing)
 .eh_frame      0x000000000001041c       0x20 lib/orangescrt.a(read.o)
                                         0x38 (size before relaxing)
 .eh_frame      0x000000000001043c       0x20 lib/orangescrt.a(write.o)
                                         0x38 (size before relaxing)
 .eh_frame      0x000000000001045c       0x20 lib/orangescrt.a(close.o)
                                         0x38 (size before relaxing)
 .eh_frame      0x000000000001047c       0x20 lib/orangescrt.a(lseek.o)
                                         0x38 (size before relaxing)
 .eh_frame      0x000000000001049c       0x20 lib/orangescrt.a(getpid.o)
                                         0x38 (size before relaxing)
 .eh_frame      0x00000000000104bc       0x20 lib/orangescrt.a(stat.o)
                                         0x38 (size before relaxing)
 .eh_frame      0x00000000000104dc       0x20 lib/orangescrt.a(fork.o)
                                         0x38 (size before relaxing)
 .eh_frame      0x00000000000104fc       0x20 lib/orangescrt.a(wait.o)
                                         0x38 (size before relaxing)
 .eh_frame      0x000000000001051c       0x60 lib/orangescrt.a(exec.o)
                                         0x78 (size before relaxing)
 *(.eh_frame.*)

.gcc_except_table
 *(.gcc_except_table .gcc_except_table.*)

.gnu_extab
 *(.gnu_extab*)

.exception_ranges
 *(.exception_ranges .exception_ranges*)
                0x000000000001157c                . = DATA_SEGMENT_ALIGN (0x1000, 0x1000)

.eh_frame
 *(.eh_frame)
 *(.eh_frame.*)

.gnu_extab
 *(.gnu_extab)

.gcc_except_table
 *(.gcc_except_table .gcc_except_table.*)

.exception_ranges
 *(.exception_ranges .exception_ranges*)

.tdata
 *(.tdata .tdata.* .gnu.linkonce.td.*)

.tbss
 *(.tbss .tbss.* .gnu.linkonce.tb.*)
 *(.tcommon)

.preinit_array  0x000000000001157c        0x0
                [!provide]                        PROVIDE (__preinit_array_start, .)
 *(.preinit_array)
                [!provide]                        PROVIDE (__preinit_array_end, .)

.init_array     0x000000000001157c        0x0
                [!provide]                        PROVIDE (__init_array_start, .)
 *(SORT(.init_array.*) SORT(.ctors.*))
 *(.init_array EXCLUDE_FILE(*crtend?.o *crtend.o *crtbegin?.o *crtbegin.o) .ctors)
                [!provide]                        PROVIDE (__init_array_end, .)

.fini_array     0x000000000001157c        0x0
                [!provide]                        PROVIDE (__fini_array_start, .)
 *(SORT(.fini_array.*) SORT(.dtors.*))
 *(.fini_array EXCLUDE_FILE(*crtend?.o *crtend.o *crtbegin?.o *crtbegin.o) .dtors)
                [!provide]                        PROVIDE (__fini_array_end, .)

.ctors
 *crtbegin.o(.ctors)
 *crtbegin?.o(.ctors)
 *(EXCLUDE_FILE(*crtend?.o *crtend.o) .ctors)
 *(SORT(.ctors.*))
 *(.ctors)

.dtors
 *crtbegin.o(.dtors)
 *crtbegin?.o(.dtors)
 *(EXCLUDE_FILE(*crtend?.o *crtend.o) .dtors)
 *(SORT(.dtors.*))
 *(.dtors)

.jcr
 *(.jcr)

.data.rel.ro
 *(.data.rel.ro.local* .gnu.linkonce.d.rel.ro.local.*)
 *(.data.rel.ro .data.rel.ro.* .gnu.linkonce.d.rel.ro.*)

.dynamic
 *(.dynamic)

.got
 *(.got)
 *(.igot)
                0x000000000001157c                . = DATA_SEGMENT_RELRO_END (., (SIZEOF (.got.plt) >= 0xc)?0xc:0x0)

.got.plt        0x000000000001157c        0x0
 *(.got.plt)
 *(.igot.plt)
 .igot.plt      0x000000000001157c        0x0 kernel/kernel.o

.data           0x0000000000011580      0x814
 *(.data .data.* .gnu.linkonce.d.*)
 .data          0x0000000000011580        0x2 kernel/kernel.o
 .data          0x0000000000011582        0x0 kernel/start.o
 .data          0x0000000000011582        0x0 kernel/main.o
 .data          0x0000000000011582        0x0 kernel/clock.o
 *fill*         0x0000000000011582       0x1e 
 .data          0x00000000000115a0      0x600 kernel/keyboard.o
                0x00000000000115a0                keymap
 .data          0x0000000000011ba0       0x22 kernel/tty.o
 .data          0x0000000000011bc2        0x0 kernel/console.o
 .data          0x0000000000011bc2        0x0 kernel/i8259.o
 *fill*         0x0000000000011bc2       0x1e 
 .data          0x0000000000011be0      0x1b4 kernel/global.o
                0x0000000000011be0                task_table
                0x0000000000011cc0                user_proc_table
                0x0000000000011d60                sys_call_table
                0x0000000000011d6c                dd_map
                0x0000000000011d84                fsbuf
                0x0000000000011d88                mmbuf
                0x0000000000011d8c                logbuf
                0x0000000000011d90                logdiskbuf
 .data          0x0000000000011d94        0x0 kernel/protect.o
 .data          0x0000000000011d94        0x0 kernel/proc.o
 .data          0x0000000000011d94        0x0 kernel/systask.o
 .data          0x0000000000011d94        0x0 kernel/hd.o
 .data          0x0000000000011d94        0x0 kernel/klib.o
 .data          0x0000000000011d94        0x0 lib/syslog.o
 .data          0x0000000000011d94        0x0 mm/main.o
 .data          0x0000000000011d94        0x0 mm/forkexit.o
 .data          0x0000000000011d94        0x0 mm/exec.o
 .data          0x0000000000011d94        0x0 fs/main.o
 .data          0x0000000000011d94        0x0 fs/open.o
 .data          0x0000000000011d94        0x0 fs/misc.o
 .data          0x0000000000011d94        0x0 fs/read_write.o
 .data          0x0000000000011d94        0x0 fs/link.o
 .data          0x0000000000011d94        0x0 fs/disklog.o
 .data          0x0000000000011d94        0x0 lib/orangescrt.a(printf.o)
 .data          0x0000000000011d94        0x0 lib/orangescrt.a(vsprintf.o)
 .data          0x0000000000011d94        0x0 lib/orangescrt.a(misc.o)
 .data          0x0000000000011d94        0x0 lib/orangescrt.a(open.o)
 .data          0x0000000000011d94        0x0 lib/orangescrt.a(read.o)
 .data          0x0000000000011d94        0x0 lib/orangescrt.a(write.o)
 .data          0x0000000000011d94        0x0 lib/orangescrt.a(close.o)
 .data          0x0000000000011d94        0x0 lib/orangescrt.a(lseek.o)
 .data          0x0000000000011d94        0x0 lib/orangescrt.a(getpid.o)
 .data          0x0000000000011d94        0x0 lib/orangescrt.a(stat.o)
 .data          0x0000000000011d94        0x0 lib/orangescrt.a(fork.o)
 .data          0x0000000000011d94        0x0 lib/orangescrt.a(wait.o)
 .data          0x0000000000011d94        0x0 lib/orangescrt.a(exec.o)

.data1
 *(.data1)
                0x0000000000011d94                _edata = .
                [!provide]                        PROVIDE (edata, .)
                0x0000000000011d94                . = .
                0x0000000000011d94                __bss_start = .

.bss            0x0000000000011da0    0x2bf40
 *(.dynbss)
 *(.bss .bss.* .gnu.linkonce.b.*)
 .bss           0x0000000000011da0     0x1000 kernel/kernel.o
 .bss           0x0000000000012da0        0x0 kernel/start.o
 .bss           0x0000000000012da0        0x0 kernel/main.o
 .bss           0x0000000000012da0        0x0 kernel/clock.o
 .bss           0x0000000000012da0       0x58 kernel/keyboard.o
 .bss           0x0000000000012df8        0x0 kernel/tty.o
 .bss           0x0000000000012df8        0x0 kernel/console.o
 .bss           0x0000000000012df8        0x0 kernel/i8259.o
 .bss           0x0000000000012df8        0x0 kernel/global.o
 .bss           0x0000000000012df8        0x0 kernel/protect.o
 .bss           0x0000000000012df8        0x0 kernel/proc.o
 .bss           0x0000000000012df8        0x0 kernel/systask.o
 *fill*         0x0000000000012df8        0x8 
 .bss           0x0000000000012e00      0x64c kernel/hd.o
 .bss           0x000000000001344c        0x0 kernel/klib.o
 .bss           0x000000000001344c        0x0 lib/syslog.o
 .bss           0x000000000001344c        0x0 mm/main.o
 .bss           0x000000000001344c        0x0 mm/forkexit.o
 .bss           0x000000000001344c        0x0 mm/exec.o
 .bss           0x000000000001344c        0x0 fs/main.o
 .bss           0x000000000001344c        0x0 fs/open.o
 .bss           0x000000000001344c        0x0 fs/misc.o
 .bss           0x000000000001344c        0x0 fs/read_write.o
 .bss           0x000000000001344c        0x0 fs/link.o
 *fill*         0x000000000001344c       0x14 
 .bss           0x0000000000013460      0x208 fs/disklog.o
 .bss           0x0000000000013668        0x0 lib/orangescrt.a(printf.o)
 .bss           0x0000000000013668        0x0 lib/orangescrt.a(vsprintf.o)
 .bss           0x0000000000013668        0x0 lib/orangescrt.a(misc.o)
 .bss           0x0000000000013668        0x0 lib/orangescrt.a(open.o)
 .bss           0x0000000000013668        0x0 lib/orangescrt.a(read.o)
 .bss           0x0000000000013668        0x0 lib/orangescrt.a(write.o)
 .bss           0x0000000000013668        0x0 lib/orangescrt.a(close.o)
 .bss           0x0000000000013668        0x0 lib/orangescrt.a(lseek.o)
 .bss           0x0000000000013668        0x0 lib/orangescrt.a(getpid.o)
 .bss           0x0000000000013668        0x0 lib/orangescrt.a(stat.o)
 .bss           0x0000000000013668        0x0 lib/orangescrt.a(fork.o)
 .bss           0x0000000000013668        0x0 lib/orangescrt.a(wait.o)
 .bss           0x0000000000013668        0x0 lib/orangescrt.a(exec.o)
 *(COMMON)
 *fill*         0x0000000000013668       0x18 
 COMMON         0x0000000000013680    0x2a64e kernel/global.o
                0x0000000000013680                idt_ptr
                0x00000000000136a0                inode_table
                0x00000000000141a0                task_stack
                0x00000000000381a0                k_reenter
                0x00000000000381c0                gdt
                0x00000000000385c0                current_console
                0x00000000000385c4                pcaller
                0x00000000000385e0                tty_table
                0x0000000000039260                tss
                0x00000000000392e0                fs_msg
                0x0000000000039310                memory_size
                0x0000000000039320                f_desc_table
                0x0000000000039720                root_inode
                0x0000000000039724                disp_pos
                0x0000000000039740                mm_msg
                0x0000000000039770                key_pressed
                0x0000000000039774                gdt_ptr
                0x0000000000039780                idt
                0x0000000000039f80                super_block
                0x000000000003a160                ticks
                0x000000000003a180                console_table
                0x000000000003a1c0                irq_table
                0x000000000003a200                p_proc_ready
                0x000000000003a220                proc_table
 *fill*         0x000000000003dcce        0x2 
 COMMON         0x000000000003dcd0       0x10 kernel/hd.o
                0x000000000003dcd0                PARTITION_ENTRY
                0x000000000003dce0                . = ALIGN ((. != 0x0)?0x4:0x1)
                0x000000000003dce0                . = ALIGN (0x4)
                0x000000000003dce0                . = SEGMENT_START ("ldata-segment", .)
                0x000000000003dce0                . = ALIGN (0x4)
                0x000000000003dce0                _end = .
                [!provide]                        PROVIDE (end, .)
                0x000000000003dce0                . = DATA_SEGMENT_END (.)

.stab
 *(.stab)

.stabstr
 *(.stabstr)

.stab.excl
 *(.stab.excl)

.stab.exclstr
 *(.stab.exclstr)

.stab.index
 *(.stab.index)

.stab.indexstr
 *(.stab.indexstr)

.comment        0x0000000000000000       0x34
 *(.comment)
 .comment       0x0000000000000000       0x34 kernel/start.o
                                         0x35 (size before relaxing)
 .comment       0x0000000000000034       0x35 kernel/main.o
 .comment       0x0000000000000034       0x35 kernel/clock.o
 .comment       0x0000000000000034       0x35 kernel/keyboard.o
 .comment       0x0000000000000034       0x35 kernel/tty.o
 .comment       0x0000000000000034       0x35 kernel/console.o
 .comment       0x0000000000000034       0x35 kernel/i8259.o
 .comment       0x0000000000000034       0x35 kernel/global.o
 .comment       0x0000000000000034       0x35 kernel/protect.o
 .comment       0x0000000000000034       0x35 kernel/proc.o
 .comment       0x0000000000000034       0x35 kernel/systask.o
 .comment       0x0000000000000034       0x35 kernel/hd.o
 .comment       0x0000000000000034       0x35 kernel/klib.o
 .comment       0x0000000000000034       0x35 lib/syslog.o
 .comment       0x0000000000000034       0x35 mm/main.o
 .comment       0x0000000000000034       0x35 mm/forkexit.o
 .comment       0x0000000000000034       0x35 mm/exec.o
 .comment       0x0000000000000034       0x35 fs/main.o
 .comment       0x0000000000000034       0x35 fs/open.o
 .comment       0x0000000000000034       0x35 fs/misc.o
 .comment       0x0000000000000034       0x35 fs/read_write.o
 .comment       0x0000000000000034       0x35 fs/link.o
 .comment       0x0000000000000034       0x35 fs/disklog.o
 .comment       0x0000000000000034       0x35 lib/orangescrt.a(printf.o)
 .comment       0x0000000000000034       0x35 lib/orangescrt.a(vsprintf.o)
 .comment       0x0000000000000034       0x35 lib/orangescrt.a(misc.o)
 .comment       0x0000000000000034       0x35 lib/orangescrt.a(open.o)
 .comment       0x0000000000000034       0x35 lib/orangescrt.a(read.o)
 .comment       0x0000000000000034       0x35 lib/orangescrt.a(write.o)
 .comment       0x0000000000000034       0x35 lib/orangescrt.a(close.o)
 .comment       0x0000000000000034       0x35 lib/orangescrt.a(lseek.o)
 .comment       0x0000000000000034       0x35 lib/orangescrt.a(getpid.o)
 .comment       0x0000000000000034       0x35 lib/orangescrt.a(stat.o)
 .comment       0x0000000000000034       0x35 lib/orangescrt.a(fork.o)
 .comment       0x0000000000000034       0x35 lib/orangescrt.a(wait.o)
 .comment       0x0000000000000034       0x35 lib/orangescrt.a(exec.o)

.debug
 *(.debug)

.line
 *(.line)

.debug_srcinfo
 *(.debug_srcinfo)

.debug_sfnames
 *(.debug_sfnames)

.debug_aranges
 *(.debug_aranges)

.debug_pubnames
 *(.debug_pubnames)

.debug_info
 *(.debug_info .gnu.linkonce.wi.*)

.debug_abbrev
 *(.debug_abbrev)

.debug_line
 *(.debug_line .debug_line.* .debug_line_end)

.debug_frame
 *(.debug_frame)

.debug_str
 *(.debug_str)

.debug_loc
 *(.debug_loc)

.debug_macinfo
 *(.debug_macinfo)

.debug_weaknames
 *(.debug_weaknames)

.debug_funcnames
 *(.debug_funcnames)

.debug_typenames
 *(.debug_typenames)

.debug_varnames
 *(.debug_varnames)

.debug_pubtypes
 *(.debug_pubtypes)

.debug_ranges
 *(.debug_ranges)

.debug_macro
 *(.debug_macro)

.gnu.attributes
 *(.gnu.attributes)

/DISCARD/
 *(.note.GNU-stack)
 *(.gnu_debuglink)
 *(.gnu.lto_*)
OUTPUT(kernel.bin elf32-i386)
